D:\STM32CubeIDE_1.14.0\STM32CubeIDE\plugins\com.st.stm32cube.ide.mcu.externaltools.gnu-tools-for-stm32.11.3.rel1.win32_1.1.100.202309141235\tools\arm-none-eabi\include\c++\11.3.1\arm-none-eabi\thumb\v6-m\nofp\bits\gthr-default.h:229:1:int __gthread_key_delete(__gthread_key_t)	16	static
../Core/Src/main.cpp:61:6:)	1056	static
../Core/Src/main.cpp:71:6:void CSQ_status()	576	static
../Core/Src/main.cpp:95:6:void modem_status()	576	static
../Core/Src/main.cpp:118:6:void modem_wait()	376	static
../Core/Src/main.cpp:145:5:int modem_init()	72	static
../Core/Src/main.cpp:182:6:void modem_send()	72	static
../Core/Src/main.cpp:217:6:void modem_sub()	48	static
../Core/Src/main.cpp:253:5:int main()	520	static
../Core/Src/main.cpp:329:6:void SystemClock_Config()	96	static
../Core/Src/main.cpp:372:13:void MX_USART1_UART_Init()	8	static
../Core/Src/main.cpp:407:13:void MX_USART2_UART_Init()	8	static
../Core/Src/main.cpp:442:13:void MX_GPIO_Init()	48	static
../Core/Src/main.cpp:485:6:void Error_Handler()	8	static,ignoring_inline_asm
