Archive member included to satisfy reference by file (symbol)

D:/STM32CubeIDE_1.14.0/STM32CubeIDE/plugins/com.st.stm32cube.ide.mcu.externaltools.gnu-tools-for-stm32.11.3.rel1.win32_1.1.100.202309141235/tools/bin/../lib/gcc/arm-none-eabi/11.3.1/../../../../arm-none-eabi/lib/thumb/v6-m/nofp\libstdc++_nano.a(string-inst.o)
                              ./Core/Src/main.o (std::__cxx11::basic_string<char, std::char_traits<char>, std::allocator<char> >::basic_string())
D:/STM32CubeIDE_1.14.0/STM32CubeIDE/plugins/com.st.stm32cube.ide.mcu.externaltools.gnu-tools-for-stm32.11.3.rel1.win32_1.1.100.202309141235/tools/bin/../lib/gcc/arm-none-eabi/11.3.1/../../../../arm-none-eabi/lib/thumb/v6-m/nofp\libstdc++_nano.a(del_op.o)
                              D:/STM32CubeIDE_1.14.0/STM32CubeIDE/plugins/com.st.stm32cube.ide.mcu.externaltools.gnu-tools-for-stm32.11.3.rel1.win32_1.1.100.202309141235/tools/bin/../lib/gcc/arm-none-eabi/11.3.1/../../../../arm-none-eabi/lib/thumb/v6-m/nofp\libstdc++_nano.a(string-inst.o) (operator delete(void*))
D:/STM32CubeIDE_1.14.0/STM32CubeIDE/plugins/com.st.stm32cube.ide.mcu.externaltools.gnu-tools-for-stm32.11.3.rel1.win32_1.1.100.202309141235/tools/bin/../lib/gcc/arm-none-eabi/11.3.1/../../../../arm-none-eabi/lib/thumb/v6-m/nofp\libstdc++_nano.a(new_op.o)
                              D:/STM32CubeIDE_1.14.0/STM32CubeIDE/plugins/com.st.stm32cube.ide.mcu.externaltools.gnu-tools-for-stm32.11.3.rel1.win32_1.1.100.202309141235/tools/bin/../lib/gcc/arm-none-eabi/11.3.1/../../../../arm-none-eabi/lib/thumb/v6-m/nofp\libstdc++_nano.a(string-inst.o) (operator new(unsigned int))
D:/STM32CubeIDE_1.14.0/STM32CubeIDE/plugins/com.st.stm32cube.ide.mcu.externaltools.gnu-tools-for-stm32.11.3.rel1.win32_1.1.100.202309141235/tools/bin/../lib/gcc/arm-none-eabi/11.3.1/../../../../arm-none-eabi/lib/thumb/v6-m/nofp\libstdc++_nano.a(functexcept.o)
                              D:/STM32CubeIDE_1.14.0/STM32CubeIDE/plugins/com.st.stm32cube.ide.mcu.externaltools.gnu-tools-for-stm32.11.3.rel1.win32_1.1.100.202309141235/tools/bin/../lib/gcc/arm-none-eabi/11.3.1/../../../../arm-none-eabi/lib/thumb/v6-m/nofp\libstdc++_nano.a(string-inst.o) (std::__throw_bad_alloc())
D:/STM32CubeIDE_1.14.0/STM32CubeIDE/plugins/com.st.stm32cube.ide.mcu.externaltools.gnu-tools-for-stm32.11.3.rel1.win32_1.1.100.202309141235/tools/bin/../lib/gcc/arm-none-eabi/11.3.1/../../../../arm-none-eabi/lib/thumb/v6-m/nofp\libstdc++_nano.a(snprintf_lite.o)
                              D:/STM32CubeIDE_1.14.0/STM32CubeIDE/plugins/com.st.stm32cube.ide.mcu.externaltools.gnu-tools-for-stm32.11.3.rel1.win32_1.1.100.202309141235/tools/bin/../lib/gcc/arm-none-eabi/11.3.1/../../../../arm-none-eabi/lib/thumb/v6-m/nofp\libstdc++_nano.a(functexcept.o) (__gnu_cxx::__snprintf_lite(char*, unsigned int, char const*, std::__va_list))
D:/STM32CubeIDE_1.14.0/STM32CubeIDE/plugins/com.st.stm32cube.ide.mcu.externaltools.gnu-tools-for-stm32.11.3.rel1.win32_1.1.100.202309141235/tools/bin/../lib/gcc/arm-none-eabi/11.3.1/../../../../arm-none-eabi/lib/thumb/v6-m/nofp\libstdc++_nano.a(new_handler.o)
                              D:/STM32CubeIDE_1.14.0/STM32CubeIDE/plugins/com.st.stm32cube.ide.mcu.externaltools.gnu-tools-for-stm32.11.3.rel1.win32_1.1.100.202309141235/tools/bin/../lib/gcc/arm-none-eabi/11.3.1/../../../../arm-none-eabi/lib/thumb/v6-m/nofp\libstdc++_nano.a(new_op.o) (std::get_new_handler())
D:/STM32CubeIDE_1.14.0/STM32CubeIDE/plugins/com.st.stm32cube.ide.mcu.externaltools.gnu-tools-for-stm32.11.3.rel1.win32_1.1.100.202309141235/tools/bin/../lib/gcc/arm-none-eabi/11.3.1/../../../../arm-none-eabi/lib/thumb/v6-m/nofp\libc_nano.a(libc_a-abort.o)
                              D:/STM32CubeIDE_1.14.0/STM32CubeIDE/plugins/com.st.stm32cube.ide.mcu.externaltools.gnu-tools-for-stm32.11.3.rel1.win32_1.1.100.202309141235/tools/bin/../lib/gcc/arm-none-eabi/11.3.1/../../../../arm-none-eabi/lib/thumb/v6-m/nofp\libstdc++_nano.a(new_op.o) (abort)
D:/STM32CubeIDE_1.14.0/STM32CubeIDE/plugins/com.st.stm32cube.ide.mcu.externaltools.gnu-tools-for-stm32.11.3.rel1.win32_1.1.100.202309141235/tools/bin/../lib/gcc/arm-none-eabi/11.3.1/../../../../arm-none-eabi/lib/thumb/v6-m/nofp\libc_nano.a(libc_a-exit.o)
                              D:/STM32CubeIDE_1.14.0/STM32CubeIDE/plugins/com.st.stm32cube.ide.mcu.externaltools.gnu-tools-for-stm32.11.3.rel1.win32_1.1.100.202309141235/tools/bin/../lib/gcc/arm-none-eabi/11.3.1/../../../../arm-none-eabi/lib/thumb/v6-m/nofp/crt0.o (exit)
D:/STM32CubeIDE_1.14.0/STM32CubeIDE/plugins/com.st.stm32cube.ide.mcu.externaltools.gnu-tools-for-stm32.11.3.rel1.win32_1.1.100.202309141235/tools/bin/../lib/gcc/arm-none-eabi/11.3.1/../../../../arm-none-eabi/lib/thumb/v6-m/nofp\libc_nano.a(libc_a-malloc.o)
[...]
Memory Configuration

Name             Origin             Length             Attributes
RAM              0x0000000020000000 0x0000000000002000 xrw
FLASH            0x0000000008000000 0x0000000000010000 xr
*default*        0x0000000000000000 0xffffffffffffffff

Linker script and memory map

LOAD D:/STM32CubeIDE_1.14.0/STM32CubeIDE/plugins/com.st.stm32cube.ide.mcu.externaltools.gnu-tools-for-stm32.11.3.rel1.win32_1.1.100.202309141235/tools/bin/../lib/gcc/arm-none-eabi/11.3.1/thumb/v6-m/nofp/crti.o
LOAD D:/STM32CubeIDE_1.14.0/STM32CubeIDE/plugins/com.st.stm32cube.ide.mcu.externaltools.gnu-tools-for-stm32.11.3.rel1.win32_1.1.100.202309141235/tools/bin/../lib/gcc/arm-none-eabi/11.3.1/thumb/v6-m/nofp/crtbegin.o
LOAD D:/STM32CubeIDE_1.14.0/STM32CubeIDE/plugins/com.st.stm32cube.ide.mcu.externaltools.gnu-tools-for-stm32.11.3.rel1.win32_1.1.100.202309141235/tools/bin/../lib/gcc/arm-none-eabi/11.3.1/../../../../arm-none-eabi/lib/thumb/v6-m/nofp/crt0.o
LOAD ./Core/Src/UartRingbuffer.o
LOAD ./Core/Src/main.o
LOAD ./Core/Src/mqtt.o
LOAD ./Core/Src/stm32f0xx_hal_msp.o
LOAD ./Core/Src/stm32f0xx_it.o
LOAD ./Core/Src/syscalls.o
LOAD ./Core/Src/sysmem.o
LOAD ./Core/Src/system_stm32f0xx.o
LOAD ./Core/Startup/startup_stm32f030c8tx.o
LOAD ./Drivers/STM32F0xx_HAL_Driver/Src/stm32f0xx_hal.o
LOAD ./Drivers/STM32F0xx_HAL_Driver/Src/stm32f0xx_hal_cortex.o
LOAD ./Drivers/STM32F0xx_HAL_Driver/Src/stm32f0xx_hal_dma.o
LOAD ./Drivers/STM32F0xx_HAL_Driver/Src/stm32f0xx_hal_exti.o
LOAD ./Drivers/STM32F0xx_HAL_Driver/Src/stm32f0xx_hal_flash.o
LOAD ./Drivers/STM32F0xx_HAL_Driver/Src/stm32f0xx_hal_flash_ex.o
LOAD ./Drivers/STM32F0xx_HAL_Driver/Src/stm32f0xx_hal_gpio.o
LOAD ./Drivers/STM32F0xx_HAL_Driver/Src/stm32f0xx_hal_i2c.o
LOAD ./Drivers/STM32F0xx_HAL_Driver/Src/stm32f0xx_hal_i2c_ex.o
LOAD ./Drivers/STM32F0xx_HAL_Driver/Src/stm32f0xx_hal_pwr.o
LOAD ./Drivers/STM32F0xx_HAL_Driver/Src/stm32f0xx_hal_pwr_ex.o
LOAD ./Drivers/STM32F0xx_HAL_Driver/Src/stm32f0xx_hal_rcc.o
LOAD ./Drivers/STM32F0xx_HAL_Driver/Src/stm32f0xx_hal_rcc_ex.o
LOAD ./Drivers/STM32F0xx_HAL_Driver/Src/stm32f0xx_hal_uart.o
LOAD ./Drivers/STM32F0xx_HAL_Driver/Src/stm32f0xx_hal_uart_ex.o
START GROUP
LOAD D:/STM32CubeIDE_1.14.0/STM32CubeIDE/plugins/com.st.stm32cube.ide.mcu.externaltools.gnu-tools-for-stm32.11.3.rel1.win32_1.1.100.202309141235/tools/bin/../lib/gcc/arm-none-eabi/11.3.1/../../../../arm-none-eabi/lib/thumb/v6-m/nofp\libstdc++_nano.a
LOAD D:/STM32CubeIDE_1.14.0/STM32CubeIDE/plugins/com.st.stm32cube.ide.mcu.externaltools.gnu-tools-for-stm32.11.3.rel1.win32_1.1.100.202309141235/tools/bin/../lib/gcc/arm-none-eabi/11.3.1/../../../../arm-none-eabi/lib/thumb/v6-m/nofp\libsupc++_nano.a
END GROUP
LOAD D:/STM32CubeIDE_1.14.0/STM32CubeIDE/plugins/com.st.stm32cube.ide.mcu.externaltools.gnu-tools-for-stm32.11.3.rel1.win32_1.1.100.202309141235/tools/bin/../lib/gcc/arm-none-eabi/11.3.1/../../../../arm-none-eabi/lib/thumb/v6-m/nofp\libstdc++_nano.a
LOAD D:/STM32CubeIDE_1.14.0/STM32CubeIDE/plugins/com.st.stm32cube.ide.mcu.externaltools.gnu-tools-for-stm32.11.3.rel1.win32_1.1.100.202309141235/tools/bin/../lib/gcc/arm-none-eabi/11.3.1/../../../../arm-none-eabi/lib/thumb/v6-m/nofp\libm.a
LOAD D:/STM32CubeIDE_1.14.0/STM32CubeIDE/plugins/com.st.stm32cube.ide.mcu.externaltools.gnu-tools-for-stm32.11.3.rel1.win32_1.1.100.202309141235/tools/bin/../lib/gcc/arm-none-eabi/11.3.1/../../../../arm-none-eabi/lib/thumb/v6-m/nofp\libc_nano.a
START GROUP
LOAD D:/STM32CubeIDE_1.14.0/STM32CubeIDE/plugins/com.st.stm32cube.ide.mcu.externaltools.gnu-tools-for-stm32.11.3.rel1.win32_1.1.100.202309141235/tools/bin/../lib/gcc/arm-none-eabi/11.3.1/thumb/v6-m/nofp\libgcc.a
LOAD D:/STM32CubeIDE_1.14.0/STM32CubeIDE/plugins/com.st.stm32cube.ide.mcu.externaltools.gnu-tools-for-stm32.11.3.rel1.win32_1.1.100.202309141235/tools/bin/../lib/gcc/arm-none-eabi/11.3.1/../../../../arm-none-eabi/lib/thumb/v6-m/nofp\libc_nano.a
END GROUP
START GROUP
LOAD D:/STM32CubeIDE_1.14.0/STM32CubeIDE/plugins/com.st.stm32cube.ide.mcu.externaltools.gnu-tools-for-stm32.11.3.rel1.win32_1.1.100.202309141235/tools/bin/../lib/gcc/arm-none-eabi/11.3.1/thumb/v6-m/nofp\libgcc.a
LOAD D:/STM32CubeIDE_1.14.0/STM32CubeIDE/plugins/com.st.stm32cube.ide.mcu.externaltools.gnu-tools-for-stm32.11.3.rel1.win32_1.1.100.202309141235/tools/bin/../lib/gcc/arm-none-eabi/11.3.1/../../../../arm-none-eabi/lib/thumb/v6-m/nofp\libc_nano.a
END GROUP
LOAD D:/STM32CubeIDE_1.14.0/STM32CubeIDE/plugins/com.st.stm32cube.ide.mcu.externaltools.gnu-tools-for-stm32.11.3.rel1.win32_1.1.100.202309141235/tools/bin/../lib/gcc/arm-none-eabi/11.3.1/thumb/v6-m/nofp/crtend.o
LOAD D:/STM32CubeIDE_1.14.0/STM32CubeIDE/plugins/com.st.stm32cube.ide.mcu.externaltools.gnu-tools-for-stm32.11.3.rel1.win32_1.1.100.202309141235/tools/bin/../lib/gcc/arm-none-eabi/11.3.1/thumb/v6-m/nofp/crtn.o
                0x0000000020002000                _estack = (ORIGIN (RAM) + LENGTH (RAM))
                0x0000000000000200                _Min_Heap_Size = 0x200
                0x0000000000000400                _Min_Stack_Size = 0x400

.isr_vector     0x0000000008000000       0xc0
                0x0000000008000000                . = ALIGN (0x4)
 *(.isr_vector)
 .isr_vector    0x0000000008000000       0xc0 ./Core/Startup/startup_stm32f030c8tx.o
                0x0000000008000000                g_pfnVectors
                0x00000000080000c0                . = ALIGN (0x4)

.text           0x00000000080000c0     0x461c
                0x00000000080000c0                . = ALIGN (0x4)
 *(.text)
 .text          0x00000000080000c0       0x48 D:/STM32CubeIDE_1.14.0/STM32CubeIDE/plugins/com.st.stm32cube.ide.mcu.externaltools.gnu-tools-for-stm32.11.3.rel1.win32_1.1.100.202309141235/tools/bin/../lib/gcc/arm-none-eabi/11.3.1/thumb/v6-m/nofp/crtbegin.o
 .text          0x0000000008000108        0xe D:/STM32CubeIDE_1.14.0/STM32CubeIDE/plugins/com.st.stm32cube.ide.mcu.externaltools.gnu-tools-for-stm32.11.3.rel1.win32_1.1.100.202309141235/tools/bin/../lib/gcc/arm-none-eabi/11.3.1/../../../../arm-none-eabi/lib/thumb/v6-m/nofp\libc_nano.a(libc_a-strlen.o)
                0x0000000008000108                strlen
 *fill*         0x0000000008000116        0x2 
 .text          0x0000000008000118       0x14 D:/STM32CubeIDE_1.14.0/STM32CubeIDE/plugins/com.st.stm32cube.ide.mcu.externaltools.gnu-tools-for-stm32.11.3.rel1.win32_1.1.100.202309141235/tools/bin/../lib/gcc/arm-none-eabi/11.3.1/thumb/v6-m/nofp\libgcc.a(_thumb1_case_shi.o)
                0x0000000008000118                __gnu_thumb1_case_shi
 .text          0x000000000800012c      0x114 D:/STM32CubeIDE_1.14.0/STM32CubeIDE/plugins/com.st.stm32cube.ide.mcu.externaltools.gnu-tools-for-stm32.11.3.rel1.win32_1.1.100.202309141235/tools/bin/../lib/gcc/arm-none-eabi/11.3.1/thumb/v6-m/nofp\libgcc.a(_udivsi3.o)
                0x000000000800012c                __aeabi_uidiv
                0x000000000800012c                __udivsi3
                0x0000000008000238                __aeabi_uidivmod
 .text          0x0000000008000240        0x4 D:/STM32CubeIDE_1.14.0/STM32CubeIDE/plugins/com.st.stm32cube.ide.mcu.externaltools.gnu-tools-for-stm32.11.3.rel1.win32_1.1.100.202309141235/tools/bin/../lib/gcc/arm-none-eabi/11.3.1/thumb/v6-m/nofp\libgcc.a(_dvmd_tls.o)
                0x0000000008000240                __aeabi_idiv0
                0x0000000008000240                __aeabi_ldiv0
 *(.text*)
 .text.Ringbuf_init
                0x0000000008000244       0x4c ./Core/Src/UartRingbuffer.o
                0x0000000008000244                Ringbuf_init
 .text.store_char
                0x0000000008000290       0x4e ./Core/Src/UartRingbuffer.o
                0x0000000008000290                store_char
 *fill*         0x00000000080002de        0x2 
 .text.Uart_read
                0x00000000080002e0       0x64 ./Core/Src/UartRingbuffer.o
                0x00000000080002e0                Uart_read
 .text.Uart_write
                0x0000000008000344       0x74 ./Core/Src/UartRingbuffer.o
                0x0000000008000344                Uart_write
 .text.IsDataAvailable
                0x00000000080003b8       0x38 ./Core/Src/UartRingbuffer.o
                0x00000000080003b8                IsDataAvailable
 .text.Uart_sendstring
                0x00000000080003f0       0x2a ./Core/Src/UartRingbuffer.o
                0x00000000080003f0                Uart_sendstring
 *fill*         0x000000000800041a        0x2 
 .text.Uart_flush
                0x000000000800041c       0x38 ./Core/Src/UartRingbuffer.o
                0x000000000800041c                Uart_flush
 .text.Get_after
                0x0000000008000454       0x70 ./Core/Src/UartRingbuffer.o
                0x0000000008000454                Get_after
 .text.Uart_isr
                0x00000000080004c4       0xd0 ./Core/Src/UartRingbuffer.o
                0x00000000080004c4                Uart_isr
 .text.UARTPrint
                0x0000000008000594       0x78 ./Core/Src/main.o
                0x0000000008000594                UARTPrint
 .text.modem_wait
                0x000000000800060c      0x178 ./Core/Src/main.o
                0x000000000800060c                modem_wait
 .text.modem_init
                0x0000000008000784       0xc8 ./Core/Src/main.o
                0x0000000008000784                modem_init
 .text.modem_send
                0x000000000800084c       0xc0 ./Core/Src/main.o
                0x000000000800084c                modem_send
 .text.modem_sub
                0x000000000800090c       0x78 ./Core/Src/main.o
                0x000000000800090c                modem_sub
 .text.main     0x0000000008000984       0xa8 ./Core/Src/main.o
                0x0000000008000984                main
 .text._Z18SystemClock_Configv
                0x0000000008000a2c       0xc6 ./Core/Src/main.o
                0x0000000008000a2c                SystemClock_Config()
 *fill*         0x0000000008000af2        0x2 
 .text._ZL19MX_USART1_UART_Initv
                0x0000000008000af4       0x6c ./Core/Src/main.o
 .text._ZL19MX_USART2_UART_Initv
                0x0000000008000b60       0x68 ./Core/Src/main.o
 .text._ZL12MX_GPIO_Initv
                0x0000000008000bc8       0xe4 ./Core/Src/main.o
 .text.Error_Handler
                0x0000000008000cac        0xa ./Core/Src/main.o
                0x0000000008000cac                Error_Handler
 *fill*         0x0000000008000cb6        0x2 
 .text._Z9Mqtt_InitPcS_
                0x0000000008000cb8      0x158 ./Core/Src/mqtt.o
                0x0000000008000cb8                Mqtt_Init(char*, char*)
 .text._Z12Mqtt_PublishPcS_
                0x0000000008000e10       0xc0 ./Core/Src/mqtt.o
                0x0000000008000e10                Mqtt_Publish(char*, char*)
 .text._Z14Mqtt_SubscribePKci
                0x0000000008000ed0       0x9c ./Core/Src/mqtt.o
                0x0000000008000ed0                Mqtt_Subscribe(char const*, int)
 .text._Z11Mqtt_Recivev
                0x0000000008000f6c      0x1e0 ./Core/Src/mqtt.o
                0x0000000008000f6c                Mqtt_Recive()
 .text.HAL_MspInit
                0x000000000800114c       0x48 ./Core/Src/stm32f0xx_hal_msp.o
                0x000000000800114c                HAL_MspInit
 .text.HAL_UART_MspInit
                0x0000000008001194      0x130 ./Core/Src/stm32f0xx_hal_msp.o
                0x0000000008001194                HAL_UART_MspInit
 .text.NMI_Handler
                0x00000000080012c4        0x6 ./Core/Src/stm32f0xx_it.o
                0x00000000080012c4                NMI_Handler
 .text.HardFault_Handler
                0x00000000080012ca        0x6 ./Core/Src/stm32f0xx_it.o
                0x00000000080012ca                HardFault_Handler
 .text.SVC_Handler
                0x00000000080012d0        0xa ./Core/Src/stm32f0xx_it.o
                0x00000000080012d0                SVC_Handler
 .text.PendSV_Handler
                0x00000000080012da        0xa ./Core/Src/stm32f0xx_it.o
                0x00000000080012da                PendSV_Handler
 .text.SysTick_Handler
                0x00000000080012e4        0xe ./Core/Src/stm32f0xx_it.o
                0x00000000080012e4                SysTick_Handler
 *fill*         0x00000000080012f2        0x2 
 .text.USART1_IRQHandler
                0x00000000080012f4       0x18 ./Core/Src/stm32f0xx_it.o
                0x00000000080012f4                USART1_IRQHandler
 .text.USART2_IRQHandler
                0x000000000800130c       0x18 ./Core/Src/stm32f0xx_it.o
                0x000000000800130c                USART2_IRQHandler
 .text._getpid  0x0000000008001324        0xc ./Core/Src/syscalls.o
                0x0000000008001324                _getpid
 .text._kill    0x0000000008001330       0x20 ./Core/Src/syscalls.o
                0x0000000008001330                _kill
 .text._exit    0x0000000008001350       0x18 ./Core/Src/syscalls.o
                0x0000000008001350                _exit
 .text._sbrk    0x0000000008001368       0x6c ./Core/Src/sysmem.o
                0x0000000008001368                _sbrk
 .text.SystemInit
                0x00000000080013d4        0xa ./Core/Src/system_stm32f0xx.o
                0x00000000080013d4                SystemInit
 *fill*         0x00000000080013de        0x2 
 .text.Reset_Handler
                0x00000000080013e0       0x50 ./Core/Startup/startup_stm32f030c8tx.o
                0x00000000080013e0                Reset_Handler
 .text.Default_Handler
                0x0000000008001430        0x2 ./Core/Startup/startup_stm32f030c8tx.o
                0x0000000008001430                TIM1_CC_IRQHandler
                0x0000000008001430                TIM6_IRQHandler
                0x0000000008001430                I2C1_IRQHandler
                0x0000000008001430                SPI1_IRQHandler
                0x0000000008001430                EXTI2_3_IRQHandler
                0x0000000008001430                ADC1_IRQHandler
                0x0000000008001430                I2C2_IRQHandler
                0x0000000008001430                TIM17_IRQHandler
                0x0000000008001430                RTC_IRQHandler
                0x0000000008001430                TIM16_IRQHandler
                0x0000000008001430                TIM3_IRQHandler
                0x0000000008001430                EXTI4_15_IRQHandler
                0x0000000008001430                RCC_IRQHandler
                0x0000000008001430                DMA1_Channel1_IRQHandler
                0x0000000008001430                Default_Handler
                0x0000000008001430                TIM14_IRQHandler
                0x0000000008001430                DMA1_Channel4_5_IRQHandler
                0x0000000008001430                TIM15_IRQHandler
                0x0000000008001430                EXTI0_1_IRQHandler
                0x0000000008001430                SPI2_IRQHandler
                0x0000000008001430                WWDG_IRQHandler
                0x0000000008001430                DMA1_Channel2_3_IRQHandler
                0x0000000008001430                FLASH_IRQHandler
                0x0000000008001430                TIM1_BRK_UP_TRG_COM_IRQHandler
 *fill*         0x0000000008001432        0x2 
 .text.HAL_Init
                0x0000000008001434       0x28 ./Drivers/STM32F0xx_HAL_Driver/Src/stm32f0xx_hal.o
                0x0000000008001434                HAL_Init
 .text.HAL_InitTick
                0x000000000800145c       0x68 ./Drivers/STM32F0xx_HAL_Driver/Src/stm32f0xx_hal.o
                0x000000000800145c                HAL_InitTick
 .text.HAL_IncTick
                0x00000000080014c4       0x24 ./Drivers/STM32F0xx_HAL_Driver/Src/stm32f0xx_hal.o
                0x00000000080014c4                HAL_IncTick
 .text.HAL_GetTick
                0x00000000080014e8       0x14 ./Drivers/STM32F0xx_HAL_Driver/Src/stm32f0xx_hal.o
                0x00000000080014e8                HAL_GetTick
 .text.HAL_Delay
                0x00000000080014fc       0x48 ./Drivers/STM32F0xx_HAL_Driver/Src/stm32f0xx_hal.o
                0x00000000080014fc                HAL_Delay
 .text.__NVIC_EnableIRQ
                0x0000000008001544       0x34 ./Drivers/STM32F0xx_HAL_Driver/Src/stm32f0xx_hal_cortex.o
 .text.__NVIC_SetPriority
                0x0000000008001578       0xdc ./Drivers/STM32F0xx_HAL_Driver/Src/stm32f0xx_hal_cortex.o
 .text.SysTick_Config
                0x0000000008001654       0x48 ./Drivers/STM32F0xx_HAL_Driver/Src/stm32f0xx_hal_cortex.o
 .text.HAL_NVIC_SetPriority
                0x000000000800169c       0x2a ./Drivers/STM32F0xx_HAL_Driver/Src/stm32f0xx_hal_cortex.o
                0x000000000800169c                HAL_NVIC_SetPriority
 .text.HAL_NVIC_EnableIRQ
                0x00000000080016c6       0x20 ./Drivers/STM32F0xx_HAL_Driver/Src/stm32f0xx_hal_cortex.o
                0x00000000080016c6                HAL_NVIC_EnableIRQ
 .text.HAL_SYSTICK_Config
                0x00000000080016e6       0x1a ./Drivers/STM32F0xx_HAL_Driver/Src/stm32f0xx_hal_cortex.o
                0x00000000080016e6                HAL_SYSTICK_Config
 .text.HAL_DMA_Abort
                0x0000000008001700       0x70 ./Drivers/STM32F0xx_HAL_Driver/Src/stm32f0xx_hal_dma.o
                0x0000000008001700                HAL_DMA_Abort
 .text.HAL_DMA_Abort_IT
                0x0000000008001770       0x8a ./Drivers/STM32F0xx_HAL_Driver/Src/stm32f0xx_hal_dma.o
                0x0000000008001770                HAL_DMA_Abort_IT
 *fill*         0x00000000080017fa        0x2 
 .text.HAL_GPIO_Init
                0x00000000080017fc      0x2e0 ./Drivers/STM32F0xx_HAL_Driver/Src/stm32f0xx_hal_gpio.o
                0x00000000080017fc                HAL_GPIO_Init
 .text.HAL_GPIO_WritePin
                0x0000000008001adc       0x3a ./Drivers/STM32F0xx_HAL_Driver/Src/stm32f0xx_hal_gpio.o
                0x0000000008001adc                HAL_GPIO_WritePin
 .text.HAL_GPIO_TogglePin
                0x0000000008001b16       0x36 ./Drivers/STM32F0xx_HAL_Driver/Src/stm32f0xx_hal_gpio.o
                0x0000000008001b16                HAL_GPIO_TogglePin
 .text.HAL_RCC_OscConfig
                0x0000000008001b4c      0x634 ./Drivers/STM32F0xx_HAL_Driver/Src/stm32f0xx_hal_rcc.o
                0x0000000008001b4c                HAL_RCC_OscConfig
 .text.HAL_RCC_ClockConfig
                0x0000000008002180      0x19c ./Drivers/STM32F0xx_HAL_Driver/Src/stm32f0xx_hal_rcc.o
                0x0000000008002180                HAL_RCC_ClockConfig
 .text.HAL_RCC_GetSysClockFreq
                0x000000000800231c       0xac ./Drivers/STM32F0xx_HAL_Driver/Src/stm32f0xx_hal_rcc.o
                0x000000000800231c                HAL_RCC_GetSysClockFreq
 .text.HAL_RCC_GetHCLKFreq
                0x00000000080023c8       0x14 ./Drivers/STM32F0xx_HAL_Driver/Src/stm32f0xx_hal_rcc.o
                0x00000000080023c8                HAL_RCC_GetHCLKFreq
 .text.HAL_RCC_GetPCLK1Freq
                0x00000000080023dc       0x2c ./Drivers/STM32F0xx_HAL_Driver/Src/stm32f0xx_hal_rcc.o
                0x00000000080023dc                HAL_RCC_GetPCLK1Freq
 .text.HAL_RCCEx_PeriphCLKConfig
                0x0000000008002408      0x19c ./Drivers/STM32F0xx_HAL_Driver/Src/stm32f0xx_hal_rcc_ex.o
                0x0000000008002408                HAL_RCCEx_PeriphCLKConfig
 .text.HAL_UART_Init
                0x00000000080025a4       0xa8 ./Drivers/STM32F0xx_HAL_Driver/Src/stm32f0xx_hal_uart.o
                0x00000000080025a4                HAL_UART_Init
 .text.HAL_UART_Transmit
                0x000000000800264c      0x140 ./Drivers/STM32F0xx_HAL_Driver/Src/stm32f0xx_hal_uart.o
                0x000000000800264c                HAL_UART_Transmit
 .text.HAL_UART_IRQHandler
                0x000000000800278c      0x590 ./Drivers/STM32F0xx_HAL_Driver/Src/stm32f0xx_hal_uart.o
                0x000000000800278c                HAL_UART_IRQHandler
 .text.HAL_UART_TxCpltCallback
                0x0000000008002d1c       0x10 ./Drivers/STM32F0xx_HAL_Driver/Src/stm32f0xx_hal_uart.o
                0x0000000008002d1c                HAL_UART_TxCpltCallback
 .text.HAL_UART_RxCpltCallback
                0x0000000008002d2c       0x10 ./Drivers/STM32F0xx_HAL_Driver/Src/stm32f0xx_hal_uart.o
                0x0000000008002d2c                HAL_UART_RxCpltCallback
 .text.HAL_UART_ErrorCallback
                0x0000000008002d3c       0x10 ./Drivers/STM32F0xx_HAL_Driver/Src/stm32f0xx_hal_uart.o
                0x0000000008002d3c                HAL_UART_ErrorCallback
 .text.HAL_UARTEx_RxEventCallback
                0x0000000008002d4c       0x16 ./Drivers/STM32F0xx_HAL_Driver/Src/stm32f0xx_hal_uart.o
                0x0000000008002d4c                HAL_UARTEx_RxEventCallback
 *fill*         0x0000000008002d62        0x2 
 .text.UART_SetConfig
                0x0000000008002d64      0x280 ./Drivers/STM32F0xx_HAL_Driver/Src/stm32f0xx_hal_uart.o
                0x0000000008002d64                UART_SetConfig
 .text.UART_AdvFeatureConfig
                0x0000000008002fe4      0x168 ./Drivers/STM32F0xx_HAL_Driver/Src/stm32f0xx_hal_uart.o
                0x0000000008002fe4                UART_AdvFeatureConfig
 .text.UART_CheckIdleState
                0x000000000800314c      0x150 ./Drivers/STM32F0xx_HAL_Driver/Src/stm32f0xx_hal_uart.o
                0x000000000800314c                UART_CheckIdleState
 .text.UART_WaitOnFlagUntilTimeout
                0x000000000800329c       0xd2 ./Drivers/STM32F0xx_HAL_Driver/Src/stm32f0xx_hal_uart.o
                0x000000000800329c                UART_WaitOnFlagUntilTimeout
 *fill*         0x000000000800336e        0x2 
 .text.UART_Start_Receive_IT
                0x0000000008003370      0x16c ./Drivers/STM32F0xx_HAL_Driver/Src/stm32f0xx_hal_uart.o
                0x0000000008003370                UART_Start_Receive_IT
 .text.UART_EndRxTransfer
                0x00000000080034dc       0xc8 ./Drivers/STM32F0xx_HAL_Driver/Src/stm32f0xx_hal_uart.o
 .text.UART_DMAAbortOnError
                0x00000000080035a4       0x2e ./Drivers/STM32F0xx_HAL_Driver/Src/stm32f0xx_hal_uart.o
 .text.UART_EndTransmit_IT
                0x00000000080035d2       0x56 ./Drivers/STM32F0xx_HAL_Driver/Src/stm32f0xx_hal_uart.o
 .text.UART_RxISR_8BIT
                0x0000000008003628      0x1b8 ./Drivers/STM32F0xx_HAL_Driver/Src/stm32f0xx_hal_uart.o
 .text.UART_RxISR_16BIT
                0x00000000080037e0      0x1b8 ./Drivers/STM32F0xx_HAL_Driver/Src/stm32f0xx_hal_uart.o
 .text.HAL_UARTEx_ReceiveToIdle_IT
                0x0000000008003998       0xd0 ./Drivers/STM32F0xx_HAL_Driver/Src/stm32f0xx_hal_uart_ex.o
                0x0000000008003998                HAL_UARTEx_ReceiveToIdle_IT
 .text._ZNSt11char_traitsIcE4copyEPcPKcj.isra.0
                0x0000000008003a68        0xc D:/STM32CubeIDE_1.14.0/STM32CubeIDE/plugins/com.st.stm32cube.ide.mcu.externaltools.gnu-tools-for-stm32.11.3.rel1.win32_1.1.100.202309141235/tools/bin/../lib/gcc/arm-none-eabi/11.3.1/../../../../arm-none-eabi/lib/thumb/v6-m/nofp\libstdc++_nano.a(string-inst.o)
 .text._ZNSt7__cxx1112basic_stringIcSt11char_traitsIcESaIcEE9_M_createERjj
                0x0000000008003a74       0x40 D:/STM32CubeIDE_1.14.0/STM32CubeIDE/plugins/com.st.stm32cube.ide.mcu.externaltools.gnu-tools-for-stm32.11.3.rel1.win32_1.1.100.202309141235/tools/bin/../lib/gcc/arm-none-eabi/11.3.1/../../../../arm-none-eabi/lib/thumb/v6-m/nofp\libstdc++_nano.a(string-inst.o)
                0x0000000008003a74                std::__cxx11::basic_string<char, std::char_traits<char>, std::allocator<char> >::_M_create(unsigned int&, unsigned int)
 .text._ZNSt7__cxx1112basic_stringIcSt11char_traitsIcESaIcEE10_M_disposeEv
                0x0000000008003ab4       0x12 D:/STM32CubeIDE_1.14.0/STM32CubeIDE/plugins/com.st.stm32cube.ide.mcu.externaltools.gnu-tools-for-stm32.11.3.rel1.win32_1.1.100.202309141235/tools/bin/../lib/gcc/arm-none-eabi/11.3.1/../../../../arm-none-eabi/lib/thumb/v6-m/nofp\libstdc++_nano.a(string-inst.o)
                0x0000000008003ab4                std::__cxx11::basic_string<char, std::char_traits<char>, std::allocator<char> >::_M_dispose()
 .text._ZNSt7__cxx1112basic_stringIcSt11char_traitsIcESaIcEE7_S_copyEPcPKcj
                0x0000000008003ac6       0x12 D:/STM32CubeIDE_1.14.0/STM32CubeIDE/plugins/com.st.stm32cube.ide.mcu.externaltools.gnu-tools-for-stm32.11.3.rel1.win32_1.1.100.202309141235/tools/bin/../lib/gcc/arm-none-eabi/11.3.1/../../../../arm-none-eabi/lib/thumb/v6-m/nofp\libstdc++_nano.a(string-inst.o)
                0x0000000008003ac6                std::__cxx11::basic_string<char, std::char_traits<char>, std::allocator<char> >::_S_copy(char*, char const*, unsigned int)
 .text._ZNSt7__cxx1112basic_stringIcSt11char_traitsIcESaIcEE9_M_mutateEjjPKcj
                0x0000000008003ad8       0x7c D:/STM32CubeIDE_1.14.0/STM32CubeIDE/plugins/com.st.stm32cube.ide.mcu.externaltools.gnu-tools-for-stm32.11.3.rel1.win32_1.1.100.202309141235/tools/bin/../lib/gcc/arm-none-eabi/11.3.1/../../../../arm-none-eabi/lib/thumb/v6-m/nofp\libstdc++_nano.a(string-inst.o)
                0x0000000008003ad8                std::__cxx11::basic_string<char, std::char_traits<char>, std::allocator<char> >::_M_mutate(unsigned int, unsigned int, char const*, unsigned int)
 .text._ZNSt7__cxx1112basic_stringIcSt11char_traitsIcESaIcEEC2Ev
                0x0000000008003b54        0xe D:/STM32CubeIDE_1.14.0/STM32CubeIDE/plugins/com.st.stm32cube.ide.mcu.externaltools.gnu-tools-for-stm32.11.3.rel1.win32_1.1.100.202309141235/tools/bin/../lib/gcc/arm-none-eabi/11.3.1/../../../../arm-none-eabi/lib/thumb/v6-m/nofp\libstdc++_nano.a(string-inst.o)
                0x0000000008003b54                std::__cxx11::basic_string<char, std::char_traits<char>, std::allocator<char> >::basic_string()
                0x0000000008003b54                std::__cxx11::basic_string<char, std::char_traits<char>, std::allocator<char> >::basic_string()
 .text._ZNSt7__cxx1112basic_stringIcSt11char_traitsIcESaIcEED2Ev
                0x0000000008003b62        0xc D:/STM32CubeIDE_1.14.0/STM32CubeIDE/plugins/com.st.stm32cube.ide.mcu.externaltools.gnu-tools-for-stm32.11.3.rel1.win32_1.1.100.202309141235/tools/bin/../lib/gcc/arm-none-eabi/11.3.1/../../../../arm-none-eabi/lib/thumb/v6-m/nofp\libstdc++_nano.a(string-inst.o)
                0x0000000008003b62                std::__cxx11::basic_string<char, std::char_traits<char>, std::allocator<char> >::~basic_string()
                0x0000000008003b62                std::__cxx11::basic_string<char, std::char_traits<char>, std::allocator<char> >::~basic_string()
 .text._ZNKSt7__cxx1112basic_stringIcSt11char_traitsIcESaIcEE6lengthEv
                0x0000000008003b6e        0x4 D:/STM32CubeIDE_1.14.0/STM32CubeIDE/plugins/com.st.stm32cube.ide.mcu.externaltools.gnu-tools-for-stm32.11.3.rel1.win32_1.1.100.202309141235/tools/bin/../lib/gcc/arm-none-eabi/11.3.1/../../../../arm-none-eabi/lib/thumb/v6-m/nofp\libstdc++_nano.a(string-inst.o)
                0x0000000008003b6e                std::__cxx11::basic_string<char, std::char_traits<char>, std::allocator<char> >::length() const
 .text._ZNSt7__cxx1112basic_stringIcSt11char_traitsIcESaIcEE9push_backEc
                0x0000000008003b72       0x3a D:/STM32CubeIDE_1.14.0/STM32CubeIDE/plugins/com.st.stm32cube.ide.mcu.externaltools.gnu-tools-for-stm32.11.3.rel1.win32_1.1.100.202309141235/tools/bin/../lib/gcc/arm-none-eabi/11.3.1/../../../../arm-none-eabi/lib/thumb/v6-m/nofp\libstdc++_nano.a(string-inst.o)
                0x0000000008003b72                std::__cxx11::basic_string<char, std::char_traits<char>, std::allocator<char> >::push_back(char)
 .text._ZNKSt7__cxx1112basic_stringIcSt11char_traitsIcESaIcEE5c_strEv
                0x0000000008003bac        0x4 D:/STM32CubeIDE_1.14.0/STM32CubeIDE/plugins/com.st.stm32cube.ide.mcu.externaltools.gnu-tools-for-stm32.11.3.rel1.win32_1.1.100.202309141235/tools/bin/../lib/gcc/arm-none-eabi/11.3.1/../../../../arm-none-eabi/lib/thumb/v6-m/nofp\libstdc++_nano.a(string-inst.o)
                0x0000000008003bac                std::__cxx11::basic_string<char, std::char_traits<char>, std::allocator<char> >::c_str() const
 .text._ZdlPv   0x0000000008003bb0        0x8 D:/STM32CubeIDE_1.14.0/STM32CubeIDE/plugins/com.st.stm32cube.ide.mcu.externaltools.gnu-tools-for-stm32.11.3.rel1.win32_1.1.100.202309141235/tools/bin/../lib/gcc/arm-none-eabi/11.3.1/../../../../arm-none-eabi/lib/thumb/v6-m/nofp\libstdc++_nano.a(del_op.o)
                0x0000000008003bb0                operator delete(void*)
 .text._Znwj    0x0000000008003bb8       0x24 D:/STM32CubeIDE_1.14.0/STM32CubeIDE/plugins/com.st.stm32cube.ide.mcu.externaltools.gnu-tools-for-stm32.11.3.rel1.win32_1.1.100.202309141235/tools/bin/../lib/gcc/arm-none-eabi/11.3.1/../../../../arm-none-eabi/lib/thumb/v6-m/nofp\libstdc++_nano.a(new_op.o)
                0x0000000008003bb8                operator new(unsigned int)
 .text.unlikely._ZSt17__throw_bad_allocv
                0x0000000008003bdc        0x6 D:/STM32CubeIDE_1.14.0/STM32CubeIDE/plugins/com.st.stm32cube.ide.mcu.externaltools.gnu-tools-for-stm32.11.3.rel1.win32_1.1.100.202309141235/tools/bin/../lib/gcc/arm-none-eabi/11.3.1/../../../../arm-none-eabi/lib/thumb/v6-m/nofp\libstdc++_nano.a(functexcept.o)
                0x0000000008003bdc                std::__throw_bad_alloc()
 .text.unlikely._ZSt20__throw_length_errorPKc
                0x0000000008003be2        0x6 D:/STM32CubeIDE_1.14.0/STM32CubeIDE/plugins/com.st.stm32cube.ide.mcu.externaltools.gnu-tools-for-stm32.11.3.rel1.win32_1.1.100.202309141235/tools/bin/../lib/gcc/arm-none-eabi/11.3.1/../../../../arm-none-eabi/lib/thumb/v6-m/nofp\libstdc++_nano.a(functexcept.o)
                0x0000000008003be2                std::__throw_length_error(char const*)
 .text._ZSt15get_new_handlerv
                0x0000000008003be8        0xc D:/STM32CubeIDE_1.14.0/STM32CubeIDE/plugins/com.st.stm32cube.ide.mcu.externaltools.gnu-tools-for-stm32.11.3.rel1.win32_1.1.100.202309141235/tools/bin/../lib/gcc/arm-none-eabi/11.3.1/../../../../arm-none-eabi/lib/thumb/v6-m/nofp\libstdc++_nano.a(new_handler.o)
                0x0000000008003be8                std::get_new_handler()
 .text.abort    0x0000000008003bf4        0xe D:/STM32CubeIDE_1.14.0/STM32CubeIDE/plugins/com.st.stm32cube.ide.mcu.externaltools.gnu-tools-for-stm32.11.3.rel1.win32_1.1.100.202309141235/tools/bin/../lib/gcc/arm-none-eabi/11.3.1/../../../../arm-none-eabi/lib/thumb/v6-m/nofp\libc_nano.a(libc_a-abort.o)
                0x0000000008003bf4                abort
 *fill*         0x0000000008003c02        0x2 
 .text.malloc   0x0000000008003c04       0x14 D:/STM32CubeIDE_1.14.0/STM32CubeIDE/plugins/com.st.stm32cube.ide.mcu.externaltools.gnu-tools-for-stm32.11.3.rel1.win32_1.1.100.202309141235/tools/bin/../lib/gcc/arm-none-eabi/11.3.1/../../../../arm-none-eabi/lib/thumb/v6-m/nofp\libc_nano.a(libc_a-malloc.o)
                0x0000000008003c04                malloc
 .text.free     0x0000000008003c18       0x14 D:/STM32CubeIDE_1.14.0/STM32CubeIDE/plugins/com.st.stm32cube.ide.mcu.externaltools.gnu-tools-for-stm32.11.3.rel1.win32_1.1.100.202309141235/tools/bin/../lib/gcc/arm-none-eabi/11.3.1/../../../../arm-none-eabi/lib/thumb/v6-m/nofp\libc_nano.a(libc_a-malloc.o)
                0x0000000008003c18                free
 .text.sbrk_aligned
                0x0000000008003c2c       0x44 D:/STM32CubeIDE_1.14.0/STM32CubeIDE/plugins/com.st.stm32cube.ide.mcu.externaltools.gnu-tools-for-stm32.11.3.rel1.win32_1.1.100.202309141235/tools/bin/../lib/gcc/arm-none-eabi/11.3.1/../../../../arm-none-eabi/lib/thumb/v6-m/nofp\libc_nano.a(libc_a-mallocr.o)
 .text._malloc_r
                0x0000000008003c70      0x104 D:/STM32CubeIDE_1.14.0/STM32CubeIDE/plugins/com.st.stm32cube.ide.mcu.externaltools.gnu-tools-for-stm32.11.3.rel1.win32_1.1.100.202309141235/tools/bin/../lib/gcc/arm-none-eabi/11.3.1/../../../../arm-none-eabi/lib/thumb/v6-m/nofp\libc_nano.a(libc_a-mallocr.o)
                0x0000000008003c70                _malloc_r
 .text.__malloc_lock
                0x0000000008003d74       0x10 D:/STM32CubeIDE_1.14.0/STM32CubeIDE/plugins/com.st.stm32cube.ide.mcu.externaltools.gnu-tools-for-stm32.11.3.rel1.win32_1.1.100.202309141235/tools/bin/../lib/gcc/arm-none-eabi/11.3.1/../../../../arm-none-eabi/lib/thumb/v6-m/nofp\libc_nano.a(libc_a-mlock.o)
                0x0000000008003d74                __malloc_lock
 .text.__malloc_unlock
                0x0000000008003d84       0x10 D:/STM32CubeIDE_1.14.0/STM32CubeIDE/plugins/com.st.stm32cube.ide.mcu.externaltools.gnu-tools-for-stm32.11.3.rel1.win32_1.1.100.202309141235/tools/bin/../lib/gcc/arm-none-eabi/11.3.1/../../../../arm-none-eabi/lib/thumb/v6-m/nofp\libc_nano.a(libc_a-mlock.o)
                0x0000000008003d84                __malloc_unlock
 .text.sprintf  0x0000000008003d94       0x40 D:/STM32CubeIDE_1.14.0/STM32CubeIDE/plugins/com.st.stm32cube.ide.mcu.externaltools.gnu-tools-for-stm32.11.3.rel1.win32_1.1.100.202309141235/tools/bin/../lib/gcc/arm-none-eabi/11.3.1/../../../../arm-none-eabi/lib/thumb/v6-m/nofp\libc_nano.a(libc_a-sprintf.o)
                0x0000000008003d94                siprintf
                0x0000000008003d94                sprintf
 .text._vsnprintf_r
                0x0000000008003dd4       0x56 D:/STM32CubeIDE_1.14.0/STM32CubeIDE/plugins/com.st.stm32cube.ide.mcu.externaltools.gnu-tools-for-stm32.11.3.rel1.win32_1.1.100.202309141235/tools/bin/../lib/gcc/arm-none-eabi/11.3.1/../../../../arm-none-eabi/lib/thumb/v6-m/nofp\libc_nano.a(libc_a-vsnprintf.o)
                0x0000000008003dd4                _vsniprintf_r
                0x0000000008003dd4                _vsnprintf_r
 *fill*         0x0000000008003e2a        0x2 
 .text.vsnprintf
                0x0000000008003e2c       0x18 D:/STM32CubeIDE_1.14.0/STM32CubeIDE/plugins/com.st.stm32cube.ide.mcu.externaltools.gnu-tools-for-stm32.11.3.rel1.win32_1.1.100.202309141235/tools/bin/../lib/gcc/arm-none-eabi/11.3.1/../../../../arm-none-eabi/lib/thumb/v6-m/nofp\libc_nano.a(libc_a-vsnprintf.o)
                0x0000000008003e2c                vsniprintf
                0x0000000008003e2c                vsnprintf
 .text.memmove  0x0000000008003e44       0x26 D:/STM32CubeIDE_1.14.0/STM32CubeIDE/plugins/com.st.stm32cube.ide.mcu.externaltools.gnu-tools-for-stm32.11.3.rel1.win32_1.1.100.202309141235/tools/bin/../lib/gcc/arm-none-eabi/11.3.1/../../../../arm-none-eabi/lib/thumb/v6-m/nofp\libc_nano.a(libc_a-memmove.o)
                0x0000000008003e44                memmove
 .text.memset   0x0000000008003e6a       0x10 D:/STM32CubeIDE_1.14.0/STM32CubeIDE/plugins/com.st.stm32cube.ide.mcu.externaltools.gnu-tools-for-stm32.11.3.rel1.win32_1.1.100.202309141235/tools/bin/../lib/gcc/arm-none-eabi/11.3.1/../../../../arm-none-eabi/lib/thumb/v6-m/nofp\libc_nano.a(libc_a-memset.o)
                0x0000000008003e6a                memset
 .text.strchr   0x0000000008003e7a       0x1c D:/STM32CubeIDE_1.14.0/STM32CubeIDE/plugins/com.st.stm32cube.ide.mcu.externaltools.gnu-tools-for-stm32.11.3.rel1.win32_1.1.100.202309141235/tools/bin/../lib/gcc/arm-none-eabi/11.3.1/../../../../arm-none-eabi/lib/thumb/v6-m/nofp\libc_nano.a(libc_a-strchr.o)
                0x0000000008003e7a                strchr
 .text.strstr   0x0000000008003e96       0x2c D:/STM32CubeIDE_1.14.0/STM32CubeIDE/plugins/com.st.stm32cube.ide.mcu.externaltools.gnu-tools-for-stm32.11.3.rel1.win32_1.1.100.202309141235/tools/bin/../lib/gcc/arm-none-eabi/11.3.1/../../../../arm-none-eabi/lib/thumb/v6-m/nofp\libc_nano.a(libc_a-strstr.o)
                0x0000000008003e96                strstr
 .text._raise_r
                0x0000000008003ec2       0x54 D:/STM32CubeIDE_1.14.0/STM32CubeIDE/plugins/com.st.stm32cube.ide.mcu.externaltools.gnu-tools-for-stm32.11.3.rel1.win32_1.1.100.202309141235/tools/bin/../lib/gcc/arm-none-eabi/11.3.1/../../../../arm-none-eabi/lib/thumb/v6-m/nofp\libc_nano.a(libc_a-signal.o)
                0x0000000008003ec2                _raise_r
 *fill*         0x0000000008003f16        0x2 
 .text.raise    0x0000000008003f18       0x14 D:/STM32CubeIDE_1.14.0/STM32CubeIDE/plugins/com.st.stm32cube.ide.mcu.externaltools.gnu-tools-for-stm32.11.3.rel1.win32_1.1.100.202309141235/tools/bin/../lib/gcc/arm-none-eabi/11.3.1/../../../../arm-none-eabi/lib/thumb/v6-m/nofp\libc_nano.a(libc_a-signal.o)
                0x0000000008003f18                raise
 .text._kill_r  0x0000000008003f2c       0x24 D:/STM32CubeIDE_1.14.0/STM32CubeIDE/plugins/com.st.stm32cube.ide.mcu.externaltools.gnu-tools-for-stm32.11.3.rel1.win32_1.1.100.202309141235/tools/bin/../lib/gcc/arm-none-eabi/11.3.1/../../../../arm-none-eabi/lib/thumb/v6-m/nofp\libc_nano.a(libc_a-signalr.o)
                0x0000000008003f2c                _kill_r
 .text._getpid_r
                0x0000000008003f50        0x8 D:/STM32CubeIDE_1.14.0/STM32CubeIDE/plugins/com.st.stm32cube.ide.mcu.externaltools.gnu-tools-for-stm32.11.3.rel1.win32_1.1.100.202309141235/tools/bin/../lib/gcc/arm-none-eabi/11.3.1/../../../../arm-none-eabi/lib/thumb/v6-m/nofp\libc_nano.a(libc_a-signalr.o)
                0x0000000008003f50                _getpid_r
 .text._sbrk_r  0x0000000008003f58       0x24 D:/STM32CubeIDE_1.14.0/STM32CubeIDE/plugins/com.st.stm32cube.ide.mcu.externaltools.gnu-tools-for-stm32.11.3.rel1.win32_1.1.100.202309141235/tools/bin/../lib/gcc/arm-none-eabi/11.3.1/../../../../arm-none-eabi/lib/thumb/v6-m/nofp\libc_nano.a(libc_a-sbrkr.o)
                0x0000000008003f58                _sbrk_r
 .text.__errno  0x0000000008003f7c        0xc D:/STM32CubeIDE_1.14.0/STM32CubeIDE/plugins/com.st.stm32cube.ide.mcu.externaltools.gnu-tools-for-stm32.11.3.rel1.win32_1.1.100.202309141235/tools/bin/../lib/gcc/arm-none-eabi/11.3.1/../../../../arm-none-eabi/lib/thumb/v6-m/nofp\libc_nano.a(libc_a-errno.o)
                0x0000000008003f7c                __errno
 .text.__libc_init_array
                0x0000000008003f88       0x48 D:/STM32CubeIDE_1.14.0/STM32CubeIDE/plugins/com.st.stm32cube.ide.mcu.externaltools.gnu-tools-for-stm32.11.3.rel1.win32_1.1.100.202309141235/tools/bin/../lib/gcc/arm-none-eabi/11.3.1/../../../../arm-none-eabi/lib/thumb/v6-m/nofp\libc_nano.a(libc_a-init.o)
                0x0000000008003f88                __libc_init_array
 .text.__retarget_lock_acquire_recursive
                0x0000000008003fd0        0x2 D:/STM32CubeIDE_1.14.0/STM32CubeIDE/plugins/com.st.stm32cube.ide.mcu.externaltools.gnu-tools-for-stm32.11.3.rel1.win32_1.1.100.202309141235/tools/bin/../lib/gcc/arm-none-eabi/11.3.1/../../../../arm-none-eabi/lib/thumb/v6-m/nofp\libc_nano.a(libc_a-lock.o)
                0x0000000008003fd0                __retarget_lock_acquire_recursive
 .text.__retarget_lock_release_recursive
                0x0000000008003fd2        0x2 D:/STM32CubeIDE_1.14.0/STM32CubeIDE/plugins/com.st.stm32cube.ide.mcu.externaltools.gnu-tools-for-stm32.11.3.rel1.win32_1.1.100.202309141235/tools/bin/../lib/gcc/arm-none-eabi/11.3.1/../../../../arm-none-eabi/lib/thumb/v6-m/nofp\libc_nano.a(libc_a-lock.o)
                0x0000000008003fd2                __retarget_lock_release_recursive
 .text.memchr   0x0000000008003fd4       0x16 D:/STM32CubeIDE_1.14.0/STM32CubeIDE/plugins/com.st.stm32cube.ide.mcu.externaltools.gnu-tools-for-stm32.11.3.rel1.win32_1.1.100.202309141235/tools/bin/../lib/gcc/arm-none-eabi/11.3.1/../../../../arm-none-eabi/lib/thumb/v6-m/nofp\libc_nano.a(libc_a-memchr-stub.o)
                0x0000000008003fd4                memchr
 .text.memcpy   0x0000000008003fea       0x12 D:/STM32CubeIDE_1.14.0/STM32CubeIDE/plugins/com.st.stm32cube.ide.mcu.externaltools.gnu-tools-for-stm32.11.3.rel1.win32_1.1.100.202309141235/tools/bin/../lib/gcc/arm-none-eabi/11.3.1/../../../../arm-none-eabi/lib/thumb/v6-m/nofp\libc_nano.a(libc_a-memcpy-stub.o)
                0x0000000008003fea                memcpy
 .text._free_r  0x0000000008003ffc       0x94 D:/STM32CubeIDE_1.14.0/STM32CubeIDE/plugins/com.st.stm32cube.ide.mcu.externaltools.gnu-tools-for-stm32.11.3.rel1.win32_1.1.100.202309141235/tools/bin/../lib/gcc/arm-none-eabi/11.3.1/../../../../arm-none-eabi/lib/thumb/v6-m/nofp\libc_nano.a(libc_a-freer.o)
                0x0000000008003ffc                _free_r
 .text.__ssputs_r
                0x0000000008004090       0xc4 D:/STM32CubeIDE_1.14.0/STM32CubeIDE/plugins/com.st.stm32cube.ide.mcu.externaltools.gnu-tools-for-stm32.11.3.rel1.win32_1.1.100.202309141235/tools/bin/../lib/gcc/arm-none-eabi/11.3.1/../../../../arm-none-eabi/lib/thumb/v6-m/nofp\libc_nano.a(libc_a-nano-svfprintf.o)
                0x0000000008004090                __ssputs_r
 .text._svfprintf_r
                0x0000000008004154      0x200 D:/STM32CubeIDE_1.14.0/STM32CubeIDE/plugins/com.st.stm32cube.ide.mcu.externaltools.gnu-tools-for-stm32.11.3.rel1.win32_1.1.100.202309141235/tools/bin/../lib/gcc/arm-none-eabi/11.3.1/../../../../arm-none-eabi/lib/thumb/v6-m/nofp\libc_nano.a(libc_a-nano-svfprintf.o)
                0x0000000008004154                _svfiprintf_r
                0x0000000008004154                _svfprintf_r
 .text._printf_common
                0x0000000008004354       0xde D:/STM32CubeIDE_1.14.0/STM32CubeIDE/plugins/com.st.stm32cube.ide.mcu.externaltools.gnu-tools-for-stm32.11.3.rel1.win32_1.1.100.202309141235/tools/bin/../lib/gcc/arm-none-eabi/11.3.1/../../../../arm-none-eabi/lib/thumb/v6-m/nofp\libc_nano.a(libc_a-nano-vfprintf_i.o)
                0x0000000008004354                _printf_common
 *fill*         0x0000000008004432        0x2 
 .text._printf_i
                0x0000000008004434      0x220 D:/STM32CubeIDE_1.14.0/STM32CubeIDE/plugins/com.st.stm32cube.ide.mcu.externaltools.gnu-tools-for-stm32.11.3.rel1.win32_1.1.100.202309141235/tools/bin/../lib/gcc/arm-none-eabi/11.3.1/../../../../arm-none-eabi/lib/thumb/v6-m/nofp\libc_nano.a(libc_a-nano-vfprintf_i.o)
                0x0000000008004434                _printf_i
 .text._realloc_r
                0x0000000008004654       0x5e D:/STM32CubeIDE_1.14.0/STM32CubeIDE/plugins/com.st.stm32cube.ide.mcu.externaltools.gnu-tools-for-stm32.11.3.rel1.win32_1.1.100.202309141235/tools/bin/../lib/gcc/arm-none-eabi/11.3.1/../../../../arm-none-eabi/lib/thumb/v6-m/nofp\libc_nano.a(libc_a-reallocr.o)
                0x0000000008004654                _realloc_r
 .text._malloc_usable_size_r
                0x00000000080046b2       0x10 D:/STM32CubeIDE_1.14.0/STM32CubeIDE/plugins/com.st.stm32cube.ide.mcu.externaltools.gnu-tools-for-stm32.11.3.rel1.win32_1.1.100.202309141235/tools/bin/../lib/gcc/arm-none-eabi/11.3.1/../../../../arm-none-eabi/lib/thumb/v6-m/nofp\libc_nano.a(libc_a-msizer.o)
                0x00000000080046b2                _malloc_usable_size_r
 *(.glue_7)
 .glue_7        0x00000000080046c2        0x0 linker stubs
 *(.glue_7t)
 .glue_7t       0x00000000080046c2        0x0 linker stubs
 *(.eh_frame)
 *fill*         0x00000000080046c2        0x2 
 .eh_frame      0x00000000080046c4        0x0 D:/STM32CubeIDE_1.14.0/STM32CubeIDE/plugins/com.st.stm32cube.ide.mcu.externaltools.gnu-tools-for-stm32.11.3.rel1.win32_1.1.100.202309141235/tools/bin/../lib/gcc/arm-none-eabi/11.3.1/thumb/v6-m/nofp/crtbegin.o
 *(.init)
 .init          0x00000000080046c4        0x4 D:/STM32CubeIDE_1.14.0/STM32CubeIDE/plugins/com.st.stm32cube.ide.mcu.externaltools.gnu-tools-for-stm32.11.3.rel1.win32_1.1.100.202309141235/tools/bin/../lib/gcc/arm-none-eabi/11.3.1/thumb/v6-m/nofp/crti.o
                0x00000000080046c4                _init
 .init          0x00000000080046c8        0x8 D:/STM32CubeIDE_1.14.0/STM32CubeIDE/plugins/com.st.stm32cube.ide.mcu.externaltools.gnu-tools-for-stm32.11.3.rel1.win32_1.1.100.202309141235/tools/bin/../lib/gcc/arm-none-eabi/11.3.1/thumb/v6-m/nofp/crtn.o
 *(.fini)
 .fini          0x00000000080046d0        0x4 D:/STM32CubeIDE_1.14.0/STM32CubeIDE/plugins/com.st.stm32cube.ide.mcu.externaltools.gnu-tools-for-stm32.11.3.rel1.win32_1.1.100.202309141235/tools/bin/../lib/gcc/arm-none-eabi/11.3.1/thumb/v6-m/nofp/crti.o
                0x00000000080046d0                _fini
 .fini          0x00000000080046d4        0x8 D:/STM32CubeIDE_1.14.0/STM32CubeIDE/plugins/com.st.stm32cube.ide.mcu.externaltools.gnu-tools-for-stm32.11.3.rel1.win32_1.1.100.202309141235/tools/bin/../lib/gcc/arm-none-eabi/11.3.1/thumb/v6-m/nofp/crtn.o
                0x00000000080046dc                . = ALIGN (0x4)
                0x00000000080046dc                _etext = .

.vfp11_veneer   0x00000000080046dc        0x0
 .vfp11_veneer  0x00000000080046dc        0x0 linker stubs

.v4_bx          0x00000000080046dc        0x0
 .v4_bx         0x00000000080046dc        0x0 linker stubs

.iplt           0x00000000080046dc        0x0
 .iplt          0x00000000080046dc        0x0 D:/STM32CubeIDE_1.14.0/STM32CubeIDE/plugins/com.st.stm32cube.ide.mcu.externaltools.gnu-tools-for-stm32.11.3.rel1.win32_1.1.100.202309141235/tools/bin/../lib/gcc/arm-none-eabi/11.3.1/thumb/v6-m/nofp/crtbegin.o

.rodata         0x00000000080046dc      0x2ac
                0x00000000080046dc                . = ALIGN (0x4)
 *(.rodata)
 .rodata        0x00000000080046dc       0x2c ./Core/Src/main.o
 .rodata        0x0000000008004708      0x1fb ./Core/Src/mqtt.o
 *(.rodata*)
 *fill*         0x0000000008004903        0x1 
 .rodata.AHBPrescTable
                0x0000000008004904       0x10 ./Core/Src/system_stm32f0xx.o
                0x0000000008004904                AHBPrescTable
 .rodata.APBPrescTable
                0x0000000008004914        0x8 ./Core/Src/system_stm32f0xx.o
                0x0000000008004914                APBPrescTable
 .rodata.aPLLMULFactorTable.1
                0x000000000800491c       0x10 ./Drivers/STM32F0xx_HAL_Driver/Src/stm32f0xx_hal_rcc.o
 .rodata.aPredivFactorTable.0
                0x000000000800492c       0x10 ./Drivers/STM32F0xx_HAL_Driver/Src/stm32f0xx_hal_rcc.o
 .rodata._ZNSt7__cxx1112basic_stringIcSt11char_traitsIcESaIcEE9_M_createERjj.str1.1
                0x000000000800493c       0x18 D:/STM32CubeIDE_1.14.0/STM32CubeIDE/plugins/com.st.stm32cube.ide.mcu.externaltools.gnu-tools-for-stm32.11.3.rel1.win32_1.1.100.202309141235/tools/bin/../lib/gcc/arm-none-eabi/11.3.1/../../../../arm-none-eabi/lib/thumb/v6-m/nofp\libstdc++_nano.a(string-inst.o)
 .rodata._svfprintf_r.str1.1
                0x0000000008004954       0x11 D:/STM32CubeIDE_1.14.0/STM32CubeIDE/plugins/com.st.stm32cube.ide.mcu.externaltools.gnu-tools-for-stm32.11.3.rel1.win32_1.1.100.202309141235/tools/bin/../lib/gcc/arm-none-eabi/11.3.1/../../../../arm-none-eabi/lib/thumb/v6-m/nofp\libc_nano.a(libc_a-nano-svfprintf.o)
 .rodata._printf_i.str1.1
                0x0000000008004965       0x22 D:/STM32CubeIDE_1.14.0/STM32CubeIDE/plugins/com.st.stm32cube.ide.mcu.externaltools.gnu-tools-for-stm32.11.3.rel1.win32_1.1.100.202309141235/tools/bin/../lib/gcc/arm-none-eabi/11.3.1/../../../../arm-none-eabi/lib/thumb/v6-m/nofp\libc_nano.a(libc_a-nano-vfprintf_i.o)
                0x0000000008004988                . = ALIGN (0x4)
 *fill*         0x0000000008004987        0x1 

.rel.dyn        0x0000000008004988        0x0
 .rel.iplt      0x0000000008004988        0x0 D:/STM32CubeIDE_1.14.0/STM32CubeIDE/plugins/com.st.stm32cube.ide.mcu.externaltools.gnu-tools-for-stm32.11.3.rel1.win32_1.1.100.202309141235/tools/bin/../lib/gcc/arm-none-eabi/11.3.1/thumb/v6-m/nofp/crtbegin.o

.ARM.extab      0x0000000008004988        0x0
                0x0000000008004988                . = ALIGN (0x4)
 *(.ARM.extab* .gnu.linkonce.armextab.*)
                0x0000000008004988                . = ALIGN (0x4)

.ARM            0x0000000008004988        0x0
                0x0000000008004988                . = ALIGN (0x4)
                0x0000000008004988                __exidx_start = .
 *(.ARM.exidx*)
                0x0000000008004988                __exidx_end = .
                0x0000000008004988                . = ALIGN (0x4)

.preinit_array  0x0000000008004988        0x0
                0x0000000008004988                . = ALIGN (0x4)
                0x0000000008004988                PROVIDE (__preinit_array_start = .)
 *(.preinit_array*)
                0x0000000008004988                PROVIDE (__preinit_array_end = .)
                0x0000000008004988                . = ALIGN (0x4)

.init_array     0x0000000008004988        0x4
                0x0000000008004988                . = ALIGN (0x4)
                0x0000000008004988                PROVIDE (__init_array_start = .)
 *(SORT_BY_NAME(.init_array.*))
 *(.init_array*)
 .init_array    0x0000000008004988        0x4 D:/STM32CubeIDE_1.14.0/STM32CubeIDE/plugins/com.st.stm32cube.ide.mcu.externaltools.gnu-tools-for-stm32.11.3.rel1.win32_1.1.100.202309141235/tools/bin/../lib/gcc/arm-none-eabi/11.3.1/thumb/v6-m/nofp/crtbegin.o
                0x000000000800498c                PROVIDE (__init_array_end = .)
                0x000000000800498c                . = ALIGN (0x4)

.fini_array     0x000000000800498c        0x4
                0x000000000800498c                . = ALIGN (0x4)
                [!provide]                        PROVIDE (__fini_array_start = .)
 *(SORT_BY_NAME(.fini_array.*))
 *(.fini_array*)
 .fini_array    0x000000000800498c        0x4 D:/STM32CubeIDE_1.14.0/STM32CubeIDE/plugins/com.st.stm32cube.ide.mcu.externaltools.gnu-tools-for-stm32.11.3.rel1.win32_1.1.100.202309141235/tools/bin/../lib/gcc/arm-none-eabi/11.3.1/thumb/v6-m/nofp/crtbegin.o
                [!provide]                        PROVIDE (__fini_array_end = .)
                0x0000000008004990                . = ALIGN (0x4)
                0x0000000008004990                _sidata = LOADADDR (.data)

.data           0x0000000020000000       0x5c load address 0x0000000008004990
                0x0000000020000000                . = ALIGN (0x4)
                0x0000000020000000                _sdata = .
 *(.data)
 *(.data*)
 .data.SystemCoreClock
                0x0000000020000000        0x4 ./Core/Src/system_stm32f0xx.o
                0x0000000020000000                SystemCoreClock
 .data.uwTickPrio
                0x0000000020000004        0x4 ./Drivers/STM32F0xx_HAL_Driver/Src/stm32f0xx_hal.o
                0x0000000020000004                uwTickPrio
 .data.uwTickFreq
                0x0000000020000008        0x1 ./Drivers/STM32F0xx_HAL_Driver/Src/stm32f0xx_hal.o
                0x0000000020000008                uwTickFreq
 *fill*         0x0000000020000009        0x3 
 .data._impure_data
                0x000000002000000c       0x4c D:/STM32CubeIDE_1.14.0/STM32CubeIDE/plugins/com.st.stm32cube.ide.mcu.externaltools.gnu-tools-for-stm32.11.3.rel1.win32_1.1.100.202309141235/tools/bin/../lib/gcc/arm-none-eabi/11.3.1/../../../../arm-none-eabi/lib/thumb/v6-m/nofp\libc_nano.a(libc_a-impure.o)
                0x000000002000000c                _impure_data
 .data._impure_ptr
                0x0000000020000058        0x4 D:/STM32CubeIDE_1.14.0/STM32CubeIDE/plugins/com.st.stm32cube.ide.mcu.externaltools.gnu-tools-for-stm32.11.3.rel1.win32_1.1.100.202309141235/tools/bin/../lib/gcc/arm-none-eabi/11.3.1/../../../../arm-none-eabi/lib/thumb/v6-m/nofp\libc_nano.a(libc_a-impure.o)
                0x0000000020000058                _impure_ptr
 *(.RamFunc)
 *(.RamFunc*)
                0x000000002000005c                . = ALIGN (0x4)
                0x000000002000005c                _edata = .

.igot.plt       0x000000002000005c        0x0 load address 0x00000000080049ec
 .igot.plt      0x000000002000005c        0x0 D:/STM32CubeIDE_1.14.0/STM32CubeIDE/plugins/com.st.stm32cube.ide.mcu.externaltools.gnu-tools-for-stm32.11.3.rel1.win32_1.1.100.202309141235/tools/bin/../lib/gcc/arm-none-eabi/11.3.1/thumb/v6-m/nofp/crtbegin.o
                0x000000002000005c                . = ALIGN (0x4)

.bss            0x000000002000005c      0x8d0 load address 0x00000000080049ec
                0x000000002000005c                _sbss = .
                0x000000002000005c                __bss_start__ = _sbss
 *(.bss)
 .bss           0x000000002000005c       0x1c D:/STM32CubeIDE_1.14.0/STM32CubeIDE/plugins/com.st.stm32cube.ide.mcu.externaltools.gnu-tools-for-stm32.11.3.rel1.win32_1.1.100.202309141235/tools/bin/../lib/gcc/arm-none-eabi/11.3.1/thumb/v6-m/nofp/crtbegin.o
 *(.bss*)
 .bss.timeout   0x0000000020000078        0x2 ./Core/Src/UartRingbuffer.o
                0x0000000020000078                timeout
 *fill*         0x000000002000007a        0x2 
 .bss.rx_buffer
                0x000000002000007c      0x208 ./Core/Src/UartRingbuffer.o
                0x000000002000007c                rx_buffer
 .bss.tx_buffer
                0x0000000020000284      0x208 ./Core/Src/UartRingbuffer.o
                0x0000000020000284                tx_buffer
 .bss._rx_buffer
                0x000000002000048c        0x4 ./Core/Src/UartRingbuffer.o
                0x000000002000048c                _rx_buffer
 .bss._tx_buffer
                0x0000000020000490        0x4 ./Core/Src/UartRingbuffer.o
                0x0000000020000490                _tx_buffer
 .bss.rx_data   0x0000000020000494       0xc8 ./Core/Src/main.o
                0x0000000020000494                rx_data
 .bss.init_flag
                0x000000002000055c        0x4 ./Core/Src/main.o
                0x000000002000055c                init_flag
 .bss.i         0x0000000020000560        0x4 ./Core/Src/main.o
                0x0000000020000560                i
 .bss.mqtt_message
                0x0000000020000564      0x164 ./Core/Src/main.o
                0x0000000020000564                mqtt_message
 .bss.huart1    0x00000000200006c8       0x88 ./Core/Src/main.o
                0x00000000200006c8                huart1
 .bss.huart2    0x0000000020000750       0x88 ./Core/Src/main.o
                0x0000000020000750                huart2
 .bss.__sbrk_heap_end
                0x00000000200007d8        0x4 ./Core/Src/sysmem.o
 .bss.uwTick    0x00000000200007dc        0x4 ./Drivers/STM32F0xx_HAL_Driver/Src/stm32f0xx_hal.o
                0x00000000200007dc                uwTick
 .bss._ZN12_GLOBAL__N_113__new_handlerE
                0x00000000200007e0        0x4 D:/STM32CubeIDE_1.14.0/STM32CubeIDE/plugins/com.st.stm32cube.ide.mcu.externaltools.gnu-tools-for-stm32.11.3.rel1.win32_1.1.100.202309141235/tools/bin/../lib/gcc/arm-none-eabi/11.3.1/../../../../arm-none-eabi/lib/thumb/v6-m/nofp\libstdc++_nano.a(new_handler.o)
 .bss.__malloc_free_list
                0x00000000200007e4        0x4 D:/STM32CubeIDE_1.14.0/STM32CubeIDE/plugins/com.st.stm32cube.ide.mcu.externaltools.gnu-tools-for-stm32.11.3.rel1.win32_1.1.100.202309141235/tools/bin/../lib/gcc/arm-none-eabi/11.3.1/../../../../arm-none-eabi/lib/thumb/v6-m/nofp\libc_nano.a(libc_a-mallocr.o)
                0x00000000200007e4                __malloc_free_list
 .bss.__malloc_sbrk_start
                0x00000000200007e8        0x4 D:/STM32CubeIDE_1.14.0/STM32CubeIDE/plugins/com.st.stm32cube.ide.mcu.externaltools.gnu-tools-for-stm32.11.3.rel1.win32_1.1.100.202309141235/tools/bin/../lib/gcc/arm-none-eabi/11.3.1/../../../../arm-none-eabi/lib/thumb/v6-m/nofp\libc_nano.a(libc_a-mallocr.o)
                0x00000000200007e8                __malloc_sbrk_start
 .bss.__sf      0x00000000200007ec      0x138 D:/STM32CubeIDE_1.14.0/STM32CubeIDE/plugins/com.st.stm32cube.ide.mcu.externaltools.gnu-tools-for-stm32.11.3.rel1.win32_1.1.100.202309141235/tools/bin/../lib/gcc/arm-none-eabi/11.3.1/../../../../arm-none-eabi/lib/thumb/v6-m/nofp\libc_nano.a(libc_a-findfp.o)
                0x00000000200007ec                __sf
 .bss.errno     0x0000000020000924        0x4 D:/STM32CubeIDE_1.14.0/STM32CubeIDE/plugins/com.st.stm32cube.ide.mcu.externaltools.gnu-tools-for-stm32.11.3.rel1.win32_1.1.100.202309141235/tools/bin/../lib/gcc/arm-none-eabi/11.3.1/../../../../arm-none-eabi/lib/thumb/v6-m/nofp\libc_nano.a(libc_a-reent.o)
                0x0000000020000924                errno
 .bss.__lock___malloc_recursive_mutex
                0x0000000020000928        0x1 D:/STM32CubeIDE_1.14.0/STM32CubeIDE/plugins/com.st.stm32cube.ide.mcu.externaltools.gnu-tools-for-stm32.11.3.rel1.win32_1.1.100.202309141235/tools/bin/../lib/gcc/arm-none-eabi/11.3.1/../../../../arm-none-eabi/lib/thumb/v6-m/nofp\libc_nano.a(libc_a-lock.o)
                0x0000000020000928                __lock___malloc_recursive_mutex
 *(COMMON)
                0x000000002000092c                . = ALIGN (0x4)
 *fill*         0x0000000020000929        0x3 
                0x000000002000092c                _ebss = .
                0x000000002000092c                __bss_end__ = _ebss

._user_heap_stack
                0x000000002000092c      0x604 load address 0x00000000080049ec
                0x0000000020000930                . = ALIGN (0x8)
 *fill*         0x000000002000092c        0x4 
                [!provide]                        PROVIDE (end = .)
                0x0000000020000930                PROVIDE (_end = .)
                0x0000000020000b30                . = (. + _Min_Heap_Size)
 *fill*         0x0000000020000930      0x200 
                0x0000000020000f30                . = (. + _Min_Stack_Size)
 *fill*         0x0000000020000b30      0x400 
                0x0000000020000f30                . = ALIGN (0x8)

/DISCARD/
 libc.a(*)
 libm.a(*)
 libgcc.a(*)

.ARM.attributes
                0x0000000000000000       0x28
 *(.ARM.attributes)
 .ARM.attributes
                0x0000000000000000       0x1e D:/STM32CubeIDE_1.14.0/STM32CubeIDE/plugins/com.st.stm32cube.ide.mcu.externaltools.gnu-tools-for-stm32.11.3.rel1.win32_1.1.100.202309141235/tools/bin/../lib/gcc/arm-none-eabi/11.3.1/thumb/v6-m/nofp/crti.o
 .ARM.attributes
                0x000000000000001e       0x2c D:/STM32CubeIDE_1.14.0/STM32CubeIDE/plugins/com.st.stm32cube.ide.mcu.externaltools.gnu-tools-for-stm32.11.3.rel1.win32_1.1.100.202309141235/tools/bin/../lib/gcc/arm-none-eabi/11.3.1/thumb/v6-m/nofp/crtbegin.o
 .ARM.attributes
                0x000000000000004a       0x2c ./Core/Src/UartRingbuffer.o
 .ARM.attributes
                0x0000000000000076       0x2c ./Core/Src/main.o
 .ARM.attributes
                0x00000000000000a2       0x2c ./Core/Src/mqtt.o
 .ARM.attributes
                0x00000000000000ce       0x2c ./Core/Src/stm32f0xx_hal_msp.o
 .ARM.attributes
                0x00000000000000fa       0x2c ./Core/Src/stm32f0xx_it.o
 .ARM.attributes
                0x0000000000000126       0x2c ./Core/Src/syscalls.o
 .ARM.attributes
                0x0000000000000152       0x2c ./Core/Src/sysmem.o
 .ARM.attributes
                0x000000000000017e       0x2c ./Core/Src/system_stm32f0xx.o
 .ARM.attributes
                0x00000000000001aa       0x21 ./Core/Startup/startup_stm32f030c8tx.o
 .ARM.attributes
                0x00000000000001cb       0x2c ./Drivers/STM32F0xx_HAL_Driver/Src/stm32f0xx_hal.o
 .ARM.attributes
                0x00000000000001f7       0x2c ./Drivers/STM32F0xx_HAL_Driver/Src/stm32f0xx_hal_cortex.o
 .ARM.attributes
                0x0000000000000223       0x2c ./Drivers/STM32F0xx_HAL_Driver/Src/stm32f0xx_hal_dma.o
 .ARM.attributes
                0x000000000000024f       0x2c ./Drivers/STM32F0xx_HAL_Driver/Src/stm32f0xx_hal_gpio.o
 .ARM.attributes
                0x000000000000027b       0x2c ./Drivers/STM32F0xx_HAL_Driver/Src/stm32f0xx_hal_rcc.o
 .ARM.attributes
                0x00000000000002a7       0x2c ./Drivers/STM32F0xx_HAL_Driver/Src/stm32f0xx_hal_rcc_ex.o
 .ARM.attributes
                0x00000000000002d3       0x2c ./Drivers/STM32F0xx_HAL_Driver/Src/stm32f0xx_hal_uart.o
 .ARM.attributes
                0x00000000000002ff       0x2c ./Drivers/STM32F0xx_HAL_Driver/Src/stm32f0xx_hal_uart_ex.o
 .ARM.attributes
                0x000000000000032b       0x2c D:/STM32CubeIDE_1.14.0/STM32CubeIDE/plugins/com.st.stm32cube.ide.mcu.externaltools.gnu-tools-for-stm32.11.3.rel1.win32_1.1.100.202309141235/tools/bin/../lib/gcc/arm-none-eabi/11.3.1/../../../../arm-none-eabi/lib/thumb/v6-m/nofp\libstdc++_nano.a(string-inst.o)
 .ARM.attributes
                0x0000000000000357       0x2c D:/STM32CubeIDE_1.14.0/STM32CubeIDE/plugins/com.st.stm32cube.ide.mcu.externaltools.gnu-tools-for-stm32.11.3.rel1.win32_1.1.100.202309141235/tools/bin/../lib/gcc/arm-none-eabi/11.3.1/../../../../arm-none-eabi/lib/thumb/v6-m/nofp\libstdc++_nano.a(del_op.o)
 .ARM.attributes
                0x0000000000000383       0x2c D:/STM32CubeIDE_1.14.0/STM32CubeIDE/plugins/com.st.stm32cube.ide.mcu.externaltools.gnu-tools-for-stm32.11.3.rel1.win32_1.1.100.202309141235/tools/bin/../lib/gcc/arm-none-eabi/11.3.1/../../../../arm-none-eabi/lib/thumb/v6-m/nofp\libstdc++_nano.a(new_op.o)
 .ARM.attributes
                0x00000000000003af       0x2c D:/STM32CubeIDE_1.14.0/STM32CubeIDE/plugins/com.st.stm32cube.ide.mcu.externaltools.gnu-tools-for-stm32.11.3.rel1.win32_1.1.100.202309141235/tools/bin/../lib/gcc/arm-none-eabi/11.3.1/../../../../arm-none-eabi/lib/thumb/v6-m/nofp\libstdc++_nano.a(functexcept.o)
 .ARM.attributes
                0x00000000000003db       0x2c D:/STM32CubeIDE_1.14.0/STM32CubeIDE/plugins/com.st.stm32cube.ide.mcu.externaltools.gnu-tools-for-stm32.11.3.rel1.win32_1.1.100.202309141235/tools/bin/../lib/gcc/arm-none-eabi/11.3.1/../../../../arm-none-eabi/lib/thumb/v6-m/nofp\libstdc++_nano.a(new_handler.o)
 .ARM.attributes
                0x0000000000000407       0x2c D:/STM32CubeIDE_1.14.0/STM32CubeIDE/plugins/com.st.stm32cube.ide.mcu.externaltools.gnu-tools-for-stm32.11.3.rel1.win32_1.1.100.202309141235/tools/bin/../lib/gcc/arm-none-eabi/11.3.1/../../../../arm-none-eabi/lib/thumb/v6-m/nofp\libc_nano.a(libc_a-abort.o)
 .ARM.attributes
                0x0000000000000433       0x2c D:/STM32CubeIDE_1.14.0/STM32CubeIDE/plugins/com.st.stm32cube.ide.mcu.externaltools.gnu-tools-for-stm32.11.3.rel1.win32_1.1.100.202309141235/tools/bin/../lib/gcc/arm-none-eabi/11.3.1/../../../../arm-none-eabi/lib/thumb/v6-m/nofp\libc_nano.a(libc_a-malloc.o)
 .ARM.attributes
                0x000000000000045f       0x2c D:/STM32CubeIDE_1.14.0/STM32CubeIDE/plugins/com.st.stm32cube.ide.mcu.externaltools.gnu-tools-for-stm32.11.3.rel1.win32_1.1.100.202309141235/tools/bin/../lib/gcc/arm-none-eabi/11.3.1/../../../../arm-none-eabi/lib/thumb/v6-m/nofp\libc_nano.a(libc_a-mallocr.o)
 .ARM.attributes
                0x000000000000048b       0x2c D:/STM32CubeIDE_1.14.0/STM32CubeIDE/plugins/com.st.stm32cube.ide.mcu.externaltools.gnu-tools-for-stm32.11.3.rel1.win32_1.1.100.202309141235/tools/bin/../lib/gcc/arm-none-eabi/11.3.1/../../../../arm-none-eabi/lib/thumb/v6-m/nofp\libc_nano.a(libc_a-mlock.o)
 .ARM.attributes
                0x00000000000004b7       0x2c D:/STM32CubeIDE_1.14.0/STM32CubeIDE/plugins/com.st.stm32cube.ide.mcu.externaltools.gnu-tools-for-stm32.11.3.rel1.win32_1.1.100.202309141235/tools/bin/../lib/gcc/arm-none-eabi/11.3.1/../../../../arm-none-eabi/lib/thumb/v6-m/nofp\libc_nano.a(libc_a-findfp.o)
 .ARM.attributes
                0x00000000000004e3       0x2c D:/STM32CubeIDE_1.14.0/STM32CubeIDE/plugins/com.st.stm32cube.ide.mcu.externaltools.gnu-tools-for-stm32.11.3.rel1.win32_1.1.100.202309141235/tools/bin/../lib/gcc/arm-none-eabi/11.3.1/../../../../arm-none-eabi/lib/thumb/v6-m/nofp\libc_nano.a(libc_a-sprintf.o)
 .ARM.attributes
                0x000000000000050f       0x2c D:/STM32CubeIDE_1.14.0/STM32CubeIDE/plugins/com.st.stm32cube.ide.mcu.externaltools.gnu-tools-for-stm32.11.3.rel1.win32_1.1.100.202309141235/tools/bin/../lib/gcc/arm-none-eabi/11.3.1/../../../../arm-none-eabi/lib/thumb/v6-m/nofp\libc_nano.a(libc_a-vsnprintf.o)
 .ARM.attributes
                0x000000000000053b       0x2c D:/STM32CubeIDE_1.14.0/STM32CubeIDE/plugins/com.st.stm32cube.ide.mcu.externaltools.gnu-tools-for-stm32.11.3.rel1.win32_1.1.100.202309141235/tools/bin/../lib/gcc/arm-none-eabi/11.3.1/../../../../arm-none-eabi/lib/thumb/v6-m/nofp\libc_nano.a(libc_a-memmove.o)
 .ARM.attributes
                0x0000000000000567       0x2c D:/STM32CubeIDE_1.14.0/STM32CubeIDE/plugins/com.st.stm32cube.ide.mcu.externaltools.gnu-tools-for-stm32.11.3.rel1.win32_1.1.100.202309141235/tools/bin/../lib/gcc/arm-none-eabi/11.3.1/../../../../arm-none-eabi/lib/thumb/v6-m/nofp\libc_nano.a(libc_a-memset.o)
 .ARM.attributes
                0x0000000000000593       0x2c D:/STM32CubeIDE_1.14.0/STM32CubeIDE/plugins/com.st.stm32cube.ide.mcu.externaltools.gnu-tools-for-stm32.11.3.rel1.win32_1.1.100.202309141235/tools/bin/../lib/gcc/arm-none-eabi/11.3.1/../../../../arm-none-eabi/lib/thumb/v6-m/nofp\libc_nano.a(libc_a-strchr.o)
 .ARM.attributes
                0x00000000000005bf       0x2c D:/STM32CubeIDE_1.14.0/STM32CubeIDE/plugins/com.st.stm32cube.ide.mcu.externaltools.gnu-tools-for-stm32.11.3.rel1.win32_1.1.100.202309141235/tools/bin/../lib/gcc/arm-none-eabi/11.3.1/../../../../arm-none-eabi/lib/thumb/v6-m/nofp\libc_nano.a(libc_a-strstr.o)
 .ARM.attributes
                0x00000000000005eb       0x2c D:/STM32CubeIDE_1.14.0/STM32CubeIDE/plugins/com.st.stm32cube.ide.mcu.externaltools.gnu-tools-for-stm32.11.3.rel1.win32_1.1.100.202309141235/tools/bin/../lib/gcc/arm-none-eabi/11.3.1/../../../../arm-none-eabi/lib/thumb/v6-m/nofp\libc_nano.a(libc_a-signal.o)
 .ARM.attributes
                0x0000000000000617       0x2c D:/STM32CubeIDE_1.14.0/STM32CubeIDE/plugins/com.st.stm32cube.ide.mcu.externaltools.gnu-tools-for-stm32.11.3.rel1.win32_1.1.100.202309141235/tools/bin/../lib/gcc/arm-none-eabi/11.3.1/../../../../arm-none-eabi/lib/thumb/v6-m/nofp\libc_nano.a(libc_a-reent.o)
 .ARM.attributes
                0x0000000000000643       0x2c D:/STM32CubeIDE_1.14.0/STM32CubeIDE/plugins/com.st.stm32cube.ide.mcu.externaltools.gnu-tools-for-stm32.11.3.rel1.win32_1.1.100.202309141235/tools/bin/../lib/gcc/arm-none-eabi/11.3.1/../../../../arm-none-eabi/lib/thumb/v6-m/nofp\libc_nano.a(libc_a-impure.o)
 .ARM.attributes
                0x000000000000066f       0x2c D:/STM32CubeIDE_1.14.0/STM32CubeIDE/plugins/com.st.stm32cube.ide.mcu.externaltools.gnu-tools-for-stm32.11.3.rel1.win32_1.1.100.202309141235/tools/bin/../lib/gcc/arm-none-eabi/11.3.1/../../../../arm-none-eabi/lib/thumb/v6-m/nofp\libc_nano.a(libc_a-signalr.o)
 .ARM.attributes
                0x000000000000069b       0x2c D:/STM32CubeIDE_1.14.0/STM32CubeIDE/plugins/com.st.stm32cube.ide.mcu.externaltools.gnu-tools-for-stm32.11.3.rel1.win32_1.1.100.202309141235/tools/bin/../lib/gcc/arm-none-eabi/11.3.1/../../../../arm-none-eabi/lib/thumb/v6-m/nofp\libc_nano.a(libc_a-sbrkr.o)
 .ARM.attributes
                0x00000000000006c7       0x2c D:/STM32CubeIDE_1.14.0/STM32CubeIDE/plugins/com.st.stm32cube.ide.mcu.externaltools.gnu-tools-for-stm32.11.3.rel1.win32_1.1.100.202309141235/tools/bin/../lib/gcc/arm-none-eabi/11.3.1/../../../../arm-none-eabi/lib/thumb/v6-m/nofp\libc_nano.a(libc_a-errno.o)
 .ARM.attributes
                0x00000000000006f3       0x2c D:/STM32CubeIDE_1.14.0/STM32CubeIDE/plugins/com.st.stm32cube.ide.mcu.externaltools.gnu-tools-for-stm32.11.3.rel1.win32_1.1.100.202309141235/tools/bin/../lib/gcc/arm-none-eabi/11.3.1/../../../../arm-none-eabi/lib/thumb/v6-m/nofp\libc_nano.a(libc_a-init.o)
 .ARM.attributes
                0x000000000000071f       0x2c D:/STM32CubeIDE_1.14.0/STM32CubeIDE/plugins/com.st.stm32cube.ide.mcu.externaltools.gnu-tools-for-stm32.11.3.rel1.win32_1.1.100.202309141235/tools/bin/../lib/gcc/arm-none-eabi/11.3.1/../../../../arm-none-eabi/lib/thumb/v6-m/nofp\libc_nano.a(libc_a-lock.o)
 .ARM.attributes
                0x000000000000074b       0x2c D:/STM32CubeIDE_1.14.0/STM32CubeIDE/plugins/com.st.stm32cube.ide.mcu.externaltools.gnu-tools-for-stm32.11.3.rel1.win32_1.1.100.202309141235/tools/bin/../lib/gcc/arm-none-eabi/11.3.1/../../../../arm-none-eabi/lib/thumb/v6-m/nofp\libc_nano.a(libc_a-memchr-stub.o)
 .ARM.attributes
                0x0000000000000777       0x2c D:/STM32CubeIDE_1.14.0/STM32CubeIDE/plugins/com.st.stm32cube.ide.mcu.externaltools.gnu-tools-for-stm32.11.3.rel1.win32_1.1.100.202309141235/tools/bin/../lib/gcc/arm-none-eabi/11.3.1/../../../../arm-none-eabi/lib/thumb/v6-m/nofp\libc_nano.a(libc_a-memcpy-stub.o)
 .ARM.attributes
                0x00000000000007a3       0x1c D:/STM32CubeIDE_1.14.0/STM32CubeIDE/plugins/com.st.stm32cube.ide.mcu.externaltools.gnu-tools-for-stm32.11.3.rel1.win32_1.1.100.202309141235/tools/bin/../lib/gcc/arm-none-eabi/11.3.1/../../../../arm-none-eabi/lib/thumb/v6-m/nofp\libc_nano.a(libc_a-strlen.o)
 .ARM.attributes
                0x00000000000007bf       0x2c D:/STM32CubeIDE_1.14.0/STM32CubeIDE/plugins/com.st.stm32cube.ide.mcu.externaltools.gnu-tools-for-stm32.11.3.rel1.win32_1.1.100.202309141235/tools/bin/../lib/gcc/arm-none-eabi/11.3.1/../../../../arm-none-eabi/lib/thumb/v6-m/nofp\libc_nano.a(libc_a-freer.o)
 .ARM.attributes
                0x00000000000007eb       0x2c D:/STM32CubeIDE_1.14.0/STM32CubeIDE/plugins/com.st.stm32cube.ide.mcu.externaltools.gnu-tools-for-stm32.11.3.rel1.win32_1.1.100.202309141235/tools/bin/../lib/gcc/arm-none-eabi/11.3.1/../../../../arm-none-eabi/lib/thumb/v6-m/nofp\libc_nano.a(libc_a-nano-svfprintf.o)
 .ARM.attributes
                0x0000000000000817       0x2c D:/STM32CubeIDE_1.14.0/STM32CubeIDE/plugins/com.st.stm32cube.ide.mcu.externaltools.gnu-tools-for-stm32.11.3.rel1.win32_1.1.100.202309141235/tools/bin/../lib/gcc/arm-none-eabi/11.3.1/../../../../arm-none-eabi/lib/thumb/v6-m/nofp\libc_nano.a(libc_a-nano-vfprintf_i.o)
 .ARM.attributes
                0x0000000000000843       0x2c D:/STM32CubeIDE_1.14.0/STM32CubeIDE/plugins/com.st.stm32cube.ide.mcu.externaltools.gnu-tools-for-stm32.11.3.rel1.win32_1.1.100.202309141235/tools/bin/../lib/gcc/arm-none-eabi/11.3.1/../../../../arm-none-eabi/lib/thumb/v6-m/nofp\libc_nano.a(libc_a-reallocr.o)
 .ARM.attributes
                0x000000000000086f       0x2c D:/STM32CubeIDE_1.14.0/STM32CubeIDE/plugins/com.st.stm32cube.ide.mcu.externaltools.gnu-tools-for-stm32.11.3.rel1.win32_1.1.100.202309141235/tools/bin/../lib/gcc/arm-none-eabi/11.3.1/../../../../arm-none-eabi/lib/thumb/v6-m/nofp\libc_nano.a(libc_a-msizer.o)
 .ARM.attributes
                0x000000000000089b       0x1e D:/STM32CubeIDE_1.14.0/STM32CubeIDE/plugins/com.st.stm32cube.ide.mcu.externaltools.gnu-tools-for-stm32.11.3.rel1.win32_1.1.100.202309141235/tools/bin/../lib/gcc/arm-none-eabi/11.3.1/thumb/v6-m/nofp\libgcc.a(_thumb1_case_shi.o)
 .ARM.attributes
                0x00000000000008b9       0x1e D:/STM32CubeIDE_1.14.0/STM32CubeIDE/plugins/com.st.stm32cube.ide.mcu.externaltools.gnu-tools-for-stm32.11.3.rel1.win32_1.1.100.202309141235/tools/bin/../lib/gcc/arm-none-eabi/11.3.1/thumb/v6-m/nofp\libgcc.a(_udivsi3.o)
 .ARM.attributes
                0x00000000000008d7       0x1e D:/STM32CubeIDE_1.14.0/STM32CubeIDE/plugins/com.st.stm32cube.ide.mcu.externaltools.gnu-tools-for-stm32.11.3.rel1.win32_1.1.100.202309141235/tools/bin/../lib/gcc/arm-none-eabi/11.3.1/thumb/v6-m/nofp\libgcc.a(_dvmd_tls.o)
 .ARM.attributes
                0x00000000000008f5       0x1e D:/STM32CubeIDE_1.14.0/STM32CubeIDE/plugins/com.st.stm32cube.ide.mcu.externaltools.gnu-tools-for-stm32.11.3.rel1.win32_1.1.100.202309141235/tools/bin/../lib/gcc/arm-none-eabi/11.3.1/thumb/v6-m/nofp/crtn.o
OUTPUT(tek_modem.elf elf32-littlearm)
LOAD linker stubs
LOAD D:/STM32CubeIDE_1.14.0/STM32CubeIDE/plugins/com.st.stm32cube.ide.mcu.externaltools.gnu-tools-for-stm32.11.3.rel1.win32_1.1.100.202309141235/tools/bin/../lib/gcc/arm-none-eabi/11.3.1/../../../../arm-none-eabi/lib/thumb/v6-m/nofp\libc.a
LOAD D:/STM32CubeIDE_1.14.0/STM32CubeIDE/plugins/com.st.stm32cube.ide.mcu.externaltools.gnu-tools-for-stm32.11.3.rel1.win32_1.1.100.202309141235/tools/bin/../lib/gcc/arm-none-eabi/11.3.1/../../../../arm-none-eabi/lib/thumb/v6-m/nofp\libm.a
LOAD D:/STM32CubeIDE_1.14.0/STM32CubeIDE/plugins/com.st.stm32cube.ide.mcu.externaltools.gnu-tools-for-stm32.11.3.rel1.win32_1.1.100.202309141235/tools/bin/../lib/gcc/arm-none-eabi/11.3.1/thumb/v6-m/nofp\libgcc.a

.comment        0x0000000000000000       0x43
 .comment       0x0000000000000000       0x43 D:/STM32CubeIDE_1.14.0/STM32CubeIDE/plugins/com.st.stm32cube.ide.mcu.externaltools.gnu-tools-for-stm32.11.3.rel1.win32_1.1.100.202309141235/tools/bin/../lib/gcc/arm-none-eabi/11.3.1/thumb/v6-m/nofp/crtbegin.o
                                         0x44 (size before relaxing)
 .comment       0x0000000000000043       0x44 ./Core/Src/UartRingbuffer.o
 .comment       0x0000000000000043       0x44 ./Core/Src/main.o
 .comment       0x0000000000000043       0x44 ./Core/Src/mqtt.o
 .comment       0x0000000000000043       0x44 ./Core/Src/stm32f0xx_hal_msp.o
 .comment       0x0000000000000043       0x44 ./Core/Src/stm32f0xx_it.o
 .comment       0x0000000000000043       0x44 ./Core/Src/syscalls.o
 .comment       0x0000000000000043       0x44 ./Core/Src/sysmem.o
 .comment       0x0000000000000043       0x44 ./Core/Src/system_stm32f0xx.o
 .comment       0x0000000000000043       0x44 ./Drivers/STM32F0xx_HAL_Driver/Src/stm32f0xx_hal.o
 .comment       0x0000000000000043       0x44 ./Drivers/STM32F0xx_HAL_Driver/Src/stm32f0xx_hal_cortex.o
 .comment       0x0000000000000043       0x44 ./Drivers/STM32F0xx_HAL_Driver/Src/stm32f0xx_hal_dma.o
 .comment       0x0000000000000043       0x44 ./Drivers/STM32F0xx_HAL_Driver/Src/stm32f0xx_hal_gpio.o
 .comment       0x0000000000000043       0x44 ./Drivers/STM32F0xx_HAL_Driver/Src/stm32f0xx_hal_rcc.o
 .comment       0x0000000000000043       0x44 ./Drivers/STM32F0xx_HAL_Driver/Src/stm32f0xx_hal_rcc_ex.o
 .comment       0x0000000000000043       0x44 ./Drivers/STM32F0xx_HAL_Driver/Src/stm32f0xx_hal_uart.o
 .comment       0x0000000000000043       0x44 ./Drivers/STM32F0xx_HAL_Driver/Src/stm32f0xx_hal_uart_ex.o

.debug_info     0x0000000000000000    0x1363f
 .debug_info    0x0000000000000000      0xb2b ./Core/Src/UartRingbuffer.o
 .debug_info    0x0000000000000b2b     0x7e82 ./Core/Src/main.o
 .debug_info    0x00000000000089ad     0x2760 ./Core/Src/mqtt.o
 .debug_info    0x000000000000b10d      0xa3b ./Core/Src/stm32f0xx_hal_msp.o
 .debug_info    0x000000000000bb48      0x6db ./Core/Src/stm32f0xx_it.o
 .debug_info    0x000000000000c223      0x6a3 ./Core/Src/syscalls.o
 .debug_info    0x000000000000c8c6      0x168 ./Core/Src/sysmem.o
 .debug_info    0x000000000000ca2e      0x242 ./Core/Src/system_stm32f0xx.o
 .debug_info    0x000000000000cc70       0x23 ./Core/Startup/startup_stm32f030c8tx.o
 .debug_info    0x000000000000cc93      0x670 ./Drivers/STM32F0xx_HAL_Driver/Src/stm32f0xx_hal.o
 .debug_info    0x000000000000d303      0x69b ./Drivers/STM32F0xx_HAL_Driver/Src/stm32f0xx_hal_cortex.o
 .debug_info    0x000000000000d99e      0x700 ./Drivers/STM32F0xx_HAL_Driver/Src/stm32f0xx_hal_dma.o
 .debug_info    0x000000000000e09e      0x5c3 ./Drivers/STM32F0xx_HAL_Driver/Src/stm32f0xx_hal_gpio.o
 .debug_info    0x000000000000e661      0x844 ./Drivers/STM32F0xx_HAL_Driver/Src/stm32f0xx_hal_rcc.o
 .debug_info    0x000000000000eea5      0x35d ./Drivers/STM32F0xx_HAL_Driver/Src/stm32f0xx_hal_rcc_ex.o
 .debug_info    0x000000000000f202     0x3a2a ./Drivers/STM32F0xx_HAL_Driver/Src/stm32f0xx_hal_uart.o
 .debug_info    0x0000000000012c2c      0xa13 ./Drivers/STM32F0xx_HAL_Driver/Src/stm32f0xx_hal_uart_ex.o

.debug_abbrev   0x0000000000000000     0x28db
 .debug_abbrev  0x0000000000000000      0x37a ./Core/Src/UartRingbuffer.o
 .debug_abbrev  0x000000000000037a      0x89c ./Core/Src/main.o
 .debug_abbrev  0x0000000000000c16      0x3ed ./Core/Src/mqtt.o
 .debug_abbrev  0x0000000000001003      0x1c9 ./Core/Src/stm32f0xx_hal_msp.o
 .debug_abbrev  0x00000000000011cc      0x19c ./Core/Src/stm32f0xx_it.o
 .debug_abbrev  0x0000000000001368      0x1b6 ./Core/Src/syscalls.o
 .debug_abbrev  0x000000000000151e       0xbc ./Core/Src/sysmem.o
 .debug_abbrev  0x00000000000015da      0x11c ./Core/Src/system_stm32f0xx.o
 .debug_abbrev  0x00000000000016f6       0x12 ./Core/Startup/startup_stm32f030c8tx.o
 .debug_abbrev  0x0000000000001708      0x24b ./Drivers/STM32F0xx_HAL_Driver/Src/stm32f0xx_hal.o
 .debug_abbrev  0x0000000000001953      0x28c ./Drivers/STM32F0xx_HAL_Driver/Src/stm32f0xx_hal_cortex.o
 .debug_abbrev  0x0000000000001bdf      0x1ef ./Drivers/STM32F0xx_HAL_Driver/Src/stm32f0xx_hal_dma.o
 .debug_abbrev  0x0000000000001dce      0x1c8 ./Drivers/STM32F0xx_HAL_Driver/Src/stm32f0xx_hal_gpio.o
 .debug_abbrev  0x0000000000001f96      0x28b ./Drivers/STM32F0xx_HAL_Driver/Src/stm32f0xx_hal_rcc.o
 .debug_abbrev  0x0000000000002221      0x16f ./Drivers/STM32F0xx_HAL_Driver/Src/stm32f0xx_hal_rcc_ex.o
 .debug_abbrev  0x0000000000002390      0x2cc ./Drivers/STM32F0xx_HAL_Driver/Src/stm32f0xx_hal_uart.o
 .debug_abbrev  0x000000000000265c      0x27f ./Drivers/STM32F0xx_HAL_Driver/Src/stm32f0xx_hal_uart_ex.o

.debug_aranges  0x0000000000000000      0x870
 .debug_aranges
                0x0000000000000000       0x88 ./Core/Src/UartRingbuffer.o
 .debug_aranges
                0x0000000000000088       0x88 ./Core/Src/main.o
 .debug_aranges
                0x0000000000000110       0x48 ./Core/Src/mqtt.o
 .debug_aranges
                0x0000000000000158       0x30 ./Core/Src/stm32f0xx_hal_msp.o
 .debug_aranges
                0x0000000000000188       0x50 ./Core/Src/stm32f0xx_it.o
 .debug_aranges
                0x00000000000001d8       0xa8 ./Core/Src/syscalls.o
 .debug_aranges
                0x0000000000000280       0x20 ./Core/Src/sysmem.o
 .debug_aranges
                0x00000000000002a0       0x28 ./Core/Src/system_stm32f0xx.o
 .debug_aranges
                0x00000000000002c8       0x28 ./Core/Startup/startup_stm32f030c8tx.o
 .debug_aranges
                0x00000000000002f0       0xd0 ./Drivers/STM32F0xx_HAL_Driver/Src/stm32f0xx_hal.o
 .debug_aranges
                0x00000000000003c0       0xc0 ./Drivers/STM32F0xx_HAL_Driver/Src/stm32f0xx_hal_cortex.o
 .debug_aranges
                0x0000000000000480       0x88 ./Drivers/STM32F0xx_HAL_Driver/Src/stm32f0xx_hal_dma.o
 .debug_aranges
                0x0000000000000508       0x58 ./Drivers/STM32F0xx_HAL_Driver/Src/stm32f0xx_hal_gpio.o
 .debug_aranges
                0x0000000000000560       0x80 ./Drivers/STM32F0xx_HAL_Driver/Src/stm32f0xx_hal_rcc.o
 .debug_aranges
                0x00000000000005e0       0x30 ./Drivers/STM32F0xx_HAL_Driver/Src/stm32f0xx_hal_rcc_ex.o
 .debug_aranges
                0x0000000000000610      0x218 ./Drivers/STM32F0xx_HAL_Driver/Src/stm32f0xx_hal_uart.o
 .debug_aranges
                0x0000000000000828       0x48 ./Drivers/STM32F0xx_HAL_Driver/Src/stm32f0xx_hal_uart_ex.o

.debug_rnglists
                0x0000000000000000      0x684
 .debug_rnglists
                0x0000000000000000       0x72 ./Core/Src/UartRingbuffer.o
 .debug_rnglists
                0x0000000000000072       0x69 ./Core/Src/main.o
 .debug_rnglists
                0x00000000000000db       0x43 ./Core/Src/mqtt.o
 .debug_rnglists
                0x000000000000011e       0x20 ./Core/Src/stm32f0xx_hal_msp.o
 .debug_rnglists
                0x000000000000013e       0x37 ./Core/Src/stm32f0xx_it.o
 .debug_rnglists
                0x0000000000000175       0x79 ./Core/Src/syscalls.o
 .debug_rnglists
                0x00000000000001ee       0x13 ./Core/Src/sysmem.o
 .debug_rnglists
                0x0000000000000201       0x1a ./Core/Src/system_stm32f0xx.o
 .debug_rnglists
                0x000000000000021b       0x19 ./Core/Startup/startup_stm32f030c8tx.o
 .debug_rnglists
                0x0000000000000234       0x97 ./Drivers/STM32F0xx_HAL_Driver/Src/stm32f0xx_hal.o
 .debug_rnglists
                0x00000000000002cb       0x8c ./Drivers/STM32F0xx_HAL_Driver/Src/stm32f0xx_hal_cortex.o
 .debug_rnglists
                0x0000000000000357       0x6a ./Drivers/STM32F0xx_HAL_Driver/Src/stm32f0xx_hal_dma.o
 .debug_rnglists
                0x00000000000003c1       0x3f ./Drivers/STM32F0xx_HAL_Driver/Src/stm32f0xx_hal_gpio.o
 .debug_rnglists
                0x0000000000000400       0x60 ./Drivers/STM32F0xx_HAL_Driver/Src/stm32f0xx_hal_rcc.o
 .debug_rnglists
                0x0000000000000460       0x21 ./Drivers/STM32F0xx_HAL_Driver/Src/stm32f0xx_hal_rcc_ex.o
 .debug_rnglists
                0x0000000000000481      0x1ce ./Drivers/STM32F0xx_HAL_Driver/Src/stm32f0xx_hal_uart.o
 .debug_rnglists
                0x000000000000064f       0x35 ./Drivers/STM32F0xx_HAL_Driver/Src/stm32f0xx_hal_uart_ex.o

.debug_macro    0x0000000000000000    0x13880
 .debug_macro   0x0000000000000000      0x297 ./Core/Src/UartRingbuffer.o
 .debug_macro   0x0000000000000297      0xa7e ./Core/Src/UartRingbuffer.o
 .debug_macro   0x0000000000000d15      0x12d ./Core/Src/UartRingbuffer.o
 .debug_macro   0x0000000000000e42       0x2e ./Core/Src/UartRingbuffer.o
 .debug_macro   0x0000000000000e70       0x22 ./Core/Src/UartRingbuffer.o
 .debug_macro   0x0000000000000e92       0x22 ./Core/Src/UartRingbuffer.o
 .debug_macro   0x0000000000000eb4       0x8e ./Core/Src/UartRingbuffer.o
 .debug_macro   0x0000000000000f42       0x51 ./Core/Src/UartRingbuffer.o
 .debug_macro   0x0000000000000f93      0x103 ./Core/Src/UartRingbuffer.o
 .debug_macro   0x0000000000001096       0x6a ./Core/Src/UartRingbuffer.o
 .debug_macro   0x0000000000001100      0x1df ./Core/Src/UartRingbuffer.o
 .debug_macro   0x00000000000012df       0x1c ./Core/Src/UartRingbuffer.o
 .debug_macro   0x00000000000012fb       0x22 ./Core/Src/UartRingbuffer.o
 .debug_macro   0x000000000000131d       0xaf ./Core/Src/UartRingbuffer.o
 .debug_macro   0x00000000000013cc      0x391 ./Core/Src/UartRingbuffer.o
 .debug_macro   0x000000000000175d     0x6f47 ./Core/Src/UartRingbuffer.o
 .debug_macro   0x00000000000086a4       0x66 ./Core/Src/UartRingbuffer.o
 .debug_macro   0x000000000000870a     0x34be ./Core/Src/UartRingbuffer.o
 .debug_macro   0x000000000000bbc8      0x174 ./Core/Src/UartRingbuffer.o
 .debug_macro   0x000000000000bd3c       0x55 ./Core/Src/UartRingbuffer.o
 .debug_macro   0x000000000000bd91      0x924 ./Core/Src/UartRingbuffer.o
 .debug_macro   0x000000000000c6b5      0x17f ./Core/Src/UartRingbuffer.o
 .debug_macro   0x000000000000c834      0x1ae ./Core/Src/UartRingbuffer.o
 .debug_macro   0x000000000000c9e2       0xd8 ./Core/Src/UartRingbuffer.o
 .debug_macro   0x000000000000caba      0x1a0 ./Core/Src/UartRingbuffer.o
 .debug_macro   0x000000000000cc5a      0x1ed ./Core/Src/UartRingbuffer.o
 .debug_macro   0x000000000000ce47       0x34 ./Core/Src/UartRingbuffer.o
 .debug_macro   0x000000000000ce7b       0x43 ./Core/Src/UartRingbuffer.o
 .debug_macro   0x000000000000cebe       0x28 ./Core/Src/UartRingbuffer.o
 .debug_macro   0x000000000000cee6       0xb0 ./Core/Src/UartRingbuffer.o
 .debug_macro   0x000000000000cf96      0x199 ./Core/Src/UartRingbuffer.o
 .debug_macro   0x000000000000d12f      0x22c ./Core/Src/UartRingbuffer.o
 .debug_macro   0x000000000000d35b       0x61 ./Core/Src/UartRingbuffer.o
 .debug_macro   0x000000000000d3bc       0xa5 ./Core/Src/UartRingbuffer.o
 .debug_macro   0x000000000000d461       0x4c ./Core/Src/UartRingbuffer.o
 .debug_macro   0x000000000000d4ad       0x2b ./Core/Src/UartRingbuffer.o
 .debug_macro   0x000000000000d4d8      0x56d ./Core/Src/UartRingbuffer.o
 .debug_macro   0x000000000000da45       0x3e ./Core/Src/UartRingbuffer.o
 .debug_macro   0x000000000000da83       0xff ./Core/Src/UartRingbuffer.o
 .debug_macro   0x000000000000db82       0x61 ./Core/Src/UartRingbuffer.o
 .debug_macro   0x000000000000dbe3       0x24 ./Core/Src/UartRingbuffer.o
 .debug_macro   0x000000000000dc07       0x43 ./Core/Src/UartRingbuffer.o
 .debug_macro   0x000000000000dc4a       0x34 ./Core/Src/UartRingbuffer.o
 .debug_macro   0x000000000000dc7e       0x16 ./Core/Src/UartRingbuffer.o
 .debug_macro   0x000000000000dc94       0x43 ./Core/Src/UartRingbuffer.o
 .debug_macro   0x000000000000dcd7       0x34 ./Core/Src/UartRingbuffer.o
 .debug_macro   0x000000000000dd0b       0x10 ./Core/Src/UartRingbuffer.o
 .debug_macro   0x000000000000dd1b       0x58 ./Core/Src/UartRingbuffer.o
 .debug_macro   0x000000000000dd73       0x8e ./Core/Src/UartRingbuffer.o
 .debug_macro   0x000000000000de01       0x1c ./Core/Src/UartRingbuffer.o
 .debug_macro   0x000000000000de1d      0x177 ./Core/Src/UartRingbuffer.o
 .debug_macro   0x000000000000df94      0x369 ./Core/Src/UartRingbuffer.o
 .debug_macro   0x000000000000e2fd       0x10 ./Core/Src/UartRingbuffer.o
 .debug_macro   0x000000000000e30d       0x35 ./Core/Src/UartRingbuffer.o
 .debug_macro   0x000000000000e342       0x20 ./Core/Src/UartRingbuffer.o
 .debug_macro   0x000000000000e362      0x63b ./Core/Src/main.o
 .debug_macro   0x000000000000e99d      0xb56 ./Core/Src/main.o
 .debug_macro   0x000000000000f4f3       0x1c ./Core/Src/main.o
 .debug_macro   0x000000000000f50f      0x391 ./Core/Src/main.o
 .debug_macro   0x000000000000f8a0      0x17b ./Core/Src/main.o
 .debug_macro   0x000000000000fa1b       0x10 ./Core/Src/main.o
 .debug_macro   0x000000000000fa2b       0x34 ./Core/Src/main.o
 .debug_macro   0x000000000000fa5f       0x16 ./Core/Src/main.o
 .debug_macro   0x000000000000fa75       0x35 ./Core/Src/main.o
 .debug_macro   0x000000000000faaa      0x38c ./Core/Src/main.o
 .debug_macro   0x000000000000fe36       0x10 ./Core/Src/main.o
 .debug_macro   0x000000000000fe46       0x43 ./Core/Src/main.o
 .debug_macro   0x000000000000fe89       0x16 ./Core/Src/main.o
 .debug_macro   0x000000000000fe9f       0x16 ./Core/Src/main.o
 .debug_macro   0x000000000000feb5       0x16 ./Core/Src/main.o
 .debug_macro   0x000000000000fecb      0x139 ./Core/Src/main.o
 .debug_macro   0x0000000000010004       0x16 ./Core/Src/main.o
 .debug_macro   0x000000000001001a      0x1b2 ./Core/Src/main.o
 .debug_macro   0x00000000000101cc       0x10 ./Core/Src/main.o
 .debug_macro   0x00000000000101dc      0x3df ./Core/Src/main.o
 .debug_macro   0x00000000000105bb       0x1c ./Core/Src/main.o
 .debug_macro   0x00000000000105d7       0x18 ./Core/Src/main.o
 .debug_macro   0x00000000000105ef       0x4f ./Core/Src/main.o
 .debug_macro   0x000000000001063e       0x41 ./Core/Src/main.o
 .debug_macro   0x000000000001067f       0x19 ./Core/Src/main.o
 .debug_macro   0x0000000000010698       0x28 ./Core/Src/main.o
 .debug_macro   0x00000000000106c0       0x2e ./Core/Src/main.o
 .debug_macro   0x00000000000106ee       0x19 ./Core/Src/main.o
 .debug_macro   0x0000000000010707       0x88 ./Core/Src/main.o
 .debug_macro   0x000000000001078f       0x19 ./Core/Src/main.o
 .debug_macro   0x00000000000107a8       0x22 ./Core/Src/main.o
 .debug_macro   0x00000000000107ca       0x3c ./Core/Src/main.o
 .debug_macro   0x0000000000010806       0x2c ./Core/Src/main.o
 .debug_macro   0x0000000000010832      0x173 ./Core/Src/main.o
 .debug_macro   0x00000000000109a5       0x11 ./Core/Src/main.o
 .debug_macro   0x00000000000109b6       0x10 ./Core/Src/main.o
 .debug_macro   0x00000000000109c6       0x5e ./Core/Src/main.o
 .debug_macro   0x0000000000010a24       0x16 ./Core/Src/main.o
 .debug_macro   0x0000000000010a3a       0x52 ./Core/Src/main.o
 .debug_macro   0x0000000000010a8c       0x5e ./Core/Src/main.o
 .debug_macro   0x0000000000010aea       0x11 ./Core/Src/main.o
 .debug_macro   0x0000000000010afb       0x11 ./Core/Src/main.o
 .debug_macro   0x0000000000010b0c       0x2f ./Core/Src/main.o
 .debug_macro   0x0000000000010b3b       0x16 ./Core/Src/main.o
 .debug_macro   0x0000000000010b51       0x10 ./Core/Src/main.o
 .debug_macro   0x0000000000010b61       0x16 ./Core/Src/main.o
 .debug_macro   0x0000000000010b77       0x16 ./Core/Src/main.o
 .debug_macro   0x0000000000010b8d       0x29 ./Core/Src/main.o
 .debug_macro   0x0000000000010bb6       0x1c ./Core/Src/main.o
 .debug_macro   0x0000000000010bd2       0xde ./Core/Src/main.o
 .debug_macro   0x0000000000010cb0      0x11d ./Core/Src/main.o
 .debug_macro   0x0000000000010dcd       0x10 ./Core/Src/main.o
 .debug_macro   0x0000000000010ddd      0x242 ./Core/Src/main.o
 .debug_macro   0x000000000001101f       0x11 ./Core/Src/main.o
 .debug_macro   0x0000000000011030       0x2d ./Core/Src/main.o
 .debug_macro   0x000000000001105d       0x26 ./Core/Src/main.o
 .debug_macro   0x0000000000011083       0x4c ./Core/Src/main.o
 .debug_macro   0x00000000000110cf      0x627 ./Core/Src/mqtt.o
 .debug_macro   0x00000000000116f6      0x1c0 ./Core/Src/stm32f0xx_hal_msp.o
 .debug_macro   0x00000000000118b6      0x1ca ./Core/Src/stm32f0xx_it.o
 .debug_macro   0x0000000000011a80      0x274 ./Core/Src/syscalls.o
 .debug_macro   0x0000000000011cf4       0x5b ./Core/Src/syscalls.o
 .debug_macro   0x0000000000011d4f       0x94 ./Core/Src/syscalls.o
 .debug_macro   0x0000000000011de3       0x57 ./Core/Src/syscalls.o
 .debug_macro   0x0000000000011e3a       0x10 ./Core/Src/syscalls.o
 .debug_macro   0x0000000000011e4a       0x10 ./Core/Src/syscalls.o
 .debug_macro   0x0000000000011e5a       0x10 ./Core/Src/syscalls.o
 .debug_macro   0x0000000000011e6a       0x10 ./Core/Src/syscalls.o
 .debug_macro   0x0000000000011e7a       0x1c ./Core/Src/syscalls.o
 .debug_macro   0x0000000000011e96       0x52 ./Core/Src/syscalls.o
 .debug_macro   0x0000000000011ee8       0x22 ./Core/Src/syscalls.o
 .debug_macro   0x0000000000011f0a       0x10 ./Core/Src/syscalls.o
 .debug_macro   0x0000000000011f1a       0x52 ./Core/Src/syscalls.o
 .debug_macro   0x0000000000011f6c       0xcf ./Core/Src/syscalls.o
 .debug_macro   0x000000000001203b       0x1c ./Core/Src/syscalls.o
 .debug_macro   0x0000000000012057       0x3d ./Core/Src/syscalls.o
 .debug_macro   0x0000000000012094       0x35 ./Core/Src/syscalls.o
 .debug_macro   0x00000000000120c9      0x12c ./Core/Src/syscalls.o
 .debug_macro   0x00000000000121f5       0x1c ./Core/Src/syscalls.o
 .debug_macro   0x0000000000012211       0x10 ./Core/Src/syscalls.o
 .debug_macro   0x0000000000012221      0x147 ./Core/Src/syscalls.o
 .debug_macro   0x0000000000012368      0x18a ./Core/Src/syscalls.o
 .debug_macro   0x00000000000124f2       0x16 ./Core/Src/syscalls.o
 .debug_macro   0x0000000000012508       0xce ./Core/Src/syscalls.o
 .debug_macro   0x00000000000125d6       0xff ./Core/Src/sysmem.o
 .debug_macro   0x00000000000126d5      0x23c ./Core/Src/sysmem.o
 .debug_macro   0x0000000000012911      0x1ad ./Core/Src/system_stm32f0xx.o
 .debug_macro   0x0000000000012abe      0x1d1 ./Drivers/STM32F0xx_HAL_Driver/Src/stm32f0xx_hal.o
 .debug_macro   0x0000000000012c8f      0x1ad ./Drivers/STM32F0xx_HAL_Driver/Src/stm32f0xx_hal_cortex.o
 .debug_macro   0x0000000000012e3c      0x1ad ./Drivers/STM32F0xx_HAL_Driver/Src/stm32f0xx_hal_dma.o
 .debug_macro   0x0000000000012fe9      0x1b4 ./Drivers/STM32F0xx_HAL_Driver/Src/stm32f0xx_hal_gpio.o
 .debug_macro   0x000000000001319d      0x1bf ./Drivers/STM32F0xx_HAL_Driver/Src/stm32f0xx_hal_rcc.o
 .debug_macro   0x000000000001335c      0x1ad ./Drivers/STM32F0xx_HAL_Driver/Src/stm32f0xx_hal_rcc_ex.o
 .debug_macro   0x0000000000013509      0x1ca ./Drivers/STM32F0xx_HAL_Driver/Src/stm32f0xx_hal_uart.o
 .debug_macro   0x00000000000136d3      0x1ad ./Drivers/STM32F0xx_HAL_Driver/Src/stm32f0xx_hal_uart_ex.o

.debug_line     0x0000000000000000     0xdc06
 .debug_line    0x0000000000000000      0xe10 ./Core/Src/UartRingbuffer.o
 .debug_line    0x0000000000000e10     0x19dc ./Core/Src/main.o
 .debug_line    0x00000000000027ec     0x1644 ./Core/Src/mqtt.o
 .debug_line    0x0000000000003e30      0x7c7 ./Core/Src/stm32f0xx_hal_msp.o
 .debug_line    0x00000000000045f7      0x7d6 ./Core/Src/stm32f0xx_it.o
 .debug_line    0x0000000000004dcd      0x8a3 ./Core/Src/syscalls.o
 .debug_line    0x0000000000005670      0x574 ./Core/Src/sysmem.o
 .debug_line    0x0000000000005be4      0x79d ./Core/Src/system_stm32f0xx.o
 .debug_line    0x0000000000006381       0x7b ./Core/Startup/startup_stm32f030c8tx.o
 .debug_line    0x00000000000063fc      0x9a8 ./Drivers/STM32F0xx_HAL_Driver/Src/stm32f0xx_hal.o
 .debug_line    0x0000000000006da4      0xa54 ./Drivers/STM32F0xx_HAL_Driver/Src/stm32f0xx_hal_cortex.o
 .debug_line    0x00000000000077f8      0xccc ./Drivers/STM32F0xx_HAL_Driver/Src/stm32f0xx_hal_dma.o
 .debug_line    0x00000000000084c4      0xb23 ./Drivers/STM32F0xx_HAL_Driver/Src/stm32f0xx_hal_gpio.o
 .debug_line    0x0000000000008fe7      0xd8d ./Drivers/STM32F0xx_HAL_Driver/Src/stm32f0xx_hal_rcc.o
 .debug_line    0x0000000000009d74      0x904 ./Drivers/STM32F0xx_HAL_Driver/Src/stm32f0xx_hal_rcc_ex.o
 .debug_line    0x000000000000a678     0x2b77 ./Drivers/STM32F0xx_HAL_Driver/Src/stm32f0xx_hal_uart.o
 .debug_line    0x000000000000d1ef      0xa17 ./Drivers/STM32F0xx_HAL_Driver/Src/stm32f0xx_hal_uart_ex.o

.debug_str      0x0000000000000000    0x6c3dc
 .debug_str     0x0000000000000000    0x5a896 ./Core/Src/UartRingbuffer.o
                                      0x5ac4a (size before relaxing)
 .debug_str     0x000000000005a896     0xe767 ./Core/Src/main.o
                                      0x69442 (size before relaxing)
 .debug_str     0x0000000000068ffd       0x8b ./Core/Src/mqtt.o
                                      0x5fcf3 (size before relaxing)
 .debug_str     0x0000000000069088      0x1c4 ./Core/Src/stm32f0xx_hal_msp.o
                                      0x57bc4 (size before relaxing)
 .debug_str     0x000000000006924c       0xba ./Core/Src/stm32f0xx_it.o
                                      0x57995 (size before relaxing)
 .debug_str     0x0000000000069306     0x1bc0 ./Core/Src/syscalls.o
                                       0x977c (size before relaxing)
 .debug_str     0x000000000006aec6       0x6b ./Core/Src/sysmem.o
                                       0x5f33 (size before relaxing)
 .debug_str     0x000000000006af31       0x8b ./Core/Src/system_stm32f0xx.o
                                      0x57548 (size before relaxing)
 .debug_str     0x000000000006afbc       0x34 ./Core/Startup/startup_stm32f030c8tx.o
                                         0x4d (size before relaxing)
 .debug_str     0x000000000006aff0      0x369 ./Drivers/STM32F0xx_HAL_Driver/Src/stm32f0xx_hal.o
                                      0x57adc (size before relaxing)
 .debug_str     0x000000000006b359      0x18d ./Drivers/STM32F0xx_HAL_Driver/Src/stm32f0xx_hal_cortex.o
                                      0x578cd (size before relaxing)
 .debug_str     0x000000000006b4e6      0x24d ./Drivers/STM32F0xx_HAL_Driver/Src/stm32f0xx_hal_dma.o
                                      0x578ee (size before relaxing)
 .debug_str     0x000000000006b733       0xf7 ./Drivers/STM32F0xx_HAL_Driver/Src/stm32f0xx_hal_gpio.o
                                      0x576e9 (size before relaxing)
 .debug_str     0x000000000006b82a      0x20f ./Drivers/STM32F0xx_HAL_Driver/Src/stm32f0xx_hal_rcc.o
                                      0x57984 (size before relaxing)
 .debug_str     0x000000000006ba39       0x97 ./Drivers/STM32F0xx_HAL_Driver/Src/stm32f0xx_hal_rcc_ex.o
                                      0x57691 (size before relaxing)
 .debug_str     0x000000000006bad0      0x80d ./Drivers/STM32F0xx_HAL_Driver/Src/stm32f0xx_hal_uart.o
                                      0x58261 (size before relaxing)
 .debug_str     0x000000000006c2dd       0xff ./Drivers/STM32F0xx_HAL_Driver/Src/stm32f0xx_hal_uart_ex.o
                                      0x57ae8 (size before relaxing)

.debug_frame    0x0000000000000000     0x36c4
 .debug_frame   0x0000000000000000      0x1c0 ./Core/Src/UartRingbuffer.o