../Core/Src/FLASH_SECTOR_F4.cpp:35:17:uint32_t GetSector(uint32_t)	0	static
../Core/Src/FLASH_SECTOR_F4.cpp:236:1:void __static_initialization_and_destruction_0(int, int)	16	static
../Core/Src/FLASH_SECTOR_F4.cpp:99:6:void float2Bytes(uint8_t*, float)	8	static
../Core/Src/FLASH_SECTOR_F4.cpp:114:7:float Bytes2float(uint8_t*)	8	static
../Core/Src/FLASH_SECTOR_F4.cpp:130:10:uint32_t Flash_Write_Data(uint32_t, uint32_t*, uint16_t)	32	static
../Core/Src/FLASH_SECTOR_F4.cpp:196:6:void Flash_Read_Data(uint32_t, uint32_t*, uint16_t)	0	static
../Core/Src/FLASH_SECTOR_F4.cpp:208:6:void Convert_To_Str(uint32_t*, char*)	16	static
../Core/Src/FLASH_SECTOR_F4.cpp:219:6:void Flash_Write_NUM(uint32_t, float)	16	static
../Core/Src/FLASH_SECTOR_F4.cpp:228:7:float Flash_Read_NUM(uint32_t)	16	static
../Core/Src/FLASH_SECTOR_F4.cpp:236:1:cpp)	8	static
../Core/Src/FLASH_SECTOR_F4.cpp:236:1:cpp)	8	static
