D:\STM32CubeIDE_1.14.0\STM32CubeIDE\plugins\com.st.stm32cube.ide.mcu.externaltools.gnu-tools-for-stm32.11.3.rel1.win32_1.1.100.202309141235\tools\arm-none-eabi\include\c++\11.3.1\arm-none-eabi\thumb\v7e-m+fp\hard\bits\gthr-default.h:229:1:int __gthread_key_delete(__gthread_key_t)	16	static
../Core/Src/main.cpp:120:5:int main()	8	static
../Core/Src/main.cpp:216:6:void SystemClock_Config()	88	static
../Core/Src/main.cpp:258:13:void MX_UART4_Init()	8	static
../Core/Src/main.cpp:291:13:void MX_USART1_UART_Init()	8	static
../Core/Src/main.cpp:324:13:void MX_USART2_UART_Init()	8	static
../Core/Src/main.cpp:357:13:void MX_USART3_UART_Init()	8	static
../Core/Src/main.cpp:390:13:void MX_USART6_UART_Init()	8	static
../Core/Src/main.cpp:423:13:void MX_GPIO_Init()	40	static
../Core/Src/main.cpp:469:6:void StartDefaultTask(void*)	16	static
../Core/Src/main.cpp:488:6:void ModemUartFunc(void*)	128	static
../Core/Src/main.cpp:520:6:void modbus_write(void*)	80	static
../Core/Src/main.cpp:556:6:void Worker_func(void*)	24	static
../Core/Src/main.cpp:573:6:void Error_Handler()	4	static,ignoring_inline_asm
D:\STM32CubeIDE_1.14.0\STM32CubeIDE\plugins\com.st.stm32cube.ide.mcu.externaltools.gnu-tools-for-stm32.11.3.rel1.win32_1.1.100.202309141235\tools\bin/../lib/gcc/arm-none-eabi/11.3.1/../../../../arm-none-eabi/include/c++/11.3.1/bits/stl_map.h:302:7:std::map<_Key, _Tp, _Compare, _Alloc>::~map() [with _Key = std::__cxx11::basic_string<char>; _Tp = int; _Compare = std::less<std::__cxx11::basic_string<char> >; _Alloc = std::allocator<std::pair<const std::__cxx11::basic_string<char>, int> >]	16	static
../Core/Inc/GlobalDataKeeper.h:41:7:GlobalDataKeeper::~GlobalDataKeeper()	16	static
../Core/Src/main.cpp:582:1:void __static_initialization_and_destruction_0(int, int)	16	static
D:\STM32CubeIDE_1.14.0\STM32CubeIDE\plugins\com.st.stm32cube.ide.mcu.externaltools.gnu-tools-for-stm32.11.3.rel1.win32_1.1.100.202309141235\tools\bin/../lib/gcc/arm-none-eabi/11.3.1/../../../../arm-none-eabi/include/c++/11.3.1/bits/stl_tree.h:660:9:std::_Rb_tree<std::__cxx11::basic_string<char>, std::pair<const std::__cxx11::basic_string<char>, int>, std::_Select1st<std::pair<const std::__cxx11::basic_string<char>, int> >, std::less<std::__cxx11::basic_string<char> >, std::allocator<std::pair<const std::__cxx11::basic_string<char>, int> > >::_Rb_tree_impl<std::less<std::__cxx11::basic_string<char> >, true>::~_Rb_tree_impl()	16	static
D:\STM32CubeIDE_1.14.0\STM32CubeIDE\plugins\com.st.stm32cube.ide.mcu.externaltools.gnu-tools-for-stm32.11.3.rel1.win32_1.1.100.202309141235\tools\bin/../lib/gcc/arm-none-eabi/11.3.1/../../../../arm-none-eabi/include/c++/11.3.1/bits/stl_tree.h:983:7:std::_Rb_tree<_Key, _Val, _KeyOfValue, _Compare, _Alloc>::~_Rb_tree() [with _Key = std::__cxx11::basic_string<char>; _Val = std::pair<const std::__cxx11::basic_string<char>, int>; _KeyOfValue = std::_Select1st<std::pair<const std::__cxx11::basic_string<char>, int> >; _Compare = std::less<std::__cxx11::basic_string<char> >; _Alloc = std::allocator<std::pair<const std::__cxx11::basic_string<char>, int> >]	16	static
D:\STM32CubeIDE_1.14.0\STM32CubeIDE\plugins\com.st.stm32cube.ide.mcu.externaltools.gnu-tools-for-stm32.11.3.rel1.win32_1.1.100.202309141235\tools\bin/../lib/gcc/arm-none-eabi/11.3.1/../../../../arm-none-eabi/include/c++/11.3.1/bits/allocator.h:174:7:std::allocator< <template-parameter-1-1> >::~allocator() [with _Tp = std::_Rb_tree_node<std::pair<const std::__cxx11::basic_string<char>, int> >]	16	static
D:\STM32CubeIDE_1.14.0\STM32CubeIDE\plugins\com.st.stm32cube.ide.mcu.externaltools.gnu-tools-for-stm32.11.3.rel1.win32_1.1.100.202309141235\tools\bin/../lib/gcc/arm-none-eabi/11.3.1/../../../../arm-none-eabi/include/c++/11.3.1/bits/stl_tree.h:1883:5:void std::_Rb_tree<_Key, _Val, _KeyOfValue, _Compare, _Alloc>::_M_erase(std::_Rb_tree<_Key, _Val, _KeyOfValue, _Compare, _Alloc>::_Link_type) [with _Key = std::__cxx11::basic_string<char>; _Val = std::pair<const std::__cxx11::basic_string<char>, int>; _KeyOfValue = std::_Select1st<std::pair<const std::__cxx11::basic_string<char>, int> >; _Compare = std::less<std::__cxx11::basic_string<char> >; _Alloc = std::allocator<std::pair<const std::__cxx11::basic_string<char>, int> >]	24	static
D:\STM32CubeIDE_1.14.0\STM32CubeIDE\plugins\com.st.stm32cube.ide.mcu.externaltools.gnu-tools-for-stm32.11.3.rel1.win32_1.1.100.202309141235\tools\bin/../lib/gcc/arm-none-eabi/11.3.1/../../../../arm-none-eabi/include/c++/11.3.1/bits/stl_tree.h:738:7:std::_Rb_tree_node<_Val>* std::_Rb_tree<_Key, _Val, _KeyOfValue, _Compare, _Alloc>::_M_begin() [with _Key = std::__cxx11::basic_string<char>; _Val = std::pair<const std::__cxx11::basic_string<char>, int>; _KeyOfValue = std::_Select1st<std::pair<const std::__cxx11::basic_string<char>, int> >; _Compare = std::less<std::__cxx11::basic_string<char> >; _Alloc = std::allocator<std::pair<const std::__cxx11::basic_string<char>, int> >]	16	static
D:\STM32CubeIDE_1.14.0\STM32CubeIDE\plugins\com.st.stm32cube.ide.mcu.externaltools.gnu-tools-for-stm32.11.3.rel1.win32_1.1.100.202309141235\tools\bin/../lib/gcc/arm-none-eabi/11.3.1/../../../../arm-none-eabi/include/c++/11.3.1/ext/new_allocator.h:89:7:__gnu_cxx::new_allocator<_Tp>::~new_allocator() [with _Tp = std::_Rb_tree_node<std::pair<const std::__cxx11::basic_string<char>, int> >]	16	static
D:\STM32CubeIDE_1.14.0\STM32CubeIDE\plugins\com.st.stm32cube.ide.mcu.externaltools.gnu-tools-for-stm32.11.3.rel1.win32_1.1.100.202309141235\tools\bin/../lib/gcc/arm-none-eabi/11.3.1/../../../../arm-none-eabi/include/c++/11.3.1/bits/stl_tree.h:787:7:static std::_Rb_tree_node<_Val>* std::_Rb_tree<_Key, _Val, _KeyOfValue, _Compare, _Alloc>::_S_right(std::_Rb_tree<_Key, _Val, _KeyOfValue, _Compare, _Alloc>::_Base_ptr) [with _Key = std::__cxx11::basic_string<char>; _Val = std::pair<const std::__cxx11::basic_string<char>, int>; _KeyOfValue = std::_Select1st<std::pair<const std::__cxx11::basic_string<char>, int> >; _Compare = std::less<std::__cxx11::basic_string<char> >; _Alloc = std::allocator<std::pair<const std::__cxx11::basic_string<char>, int> >]	16	static
D:\STM32CubeIDE_1.14.0\STM32CubeIDE\plugins\com.st.stm32cube.ide.mcu.externaltools.gnu-tools-for-stm32.11.3.rel1.win32_1.1.100.202309141235\tools\bin/../lib/gcc/arm-none-eabi/11.3.1/../../../../arm-none-eabi/include/c++/11.3.1/bits/stl_tree.h:779:7:static std::_Rb_tree_node<_Val>* std::_Rb_tree<_Key, _Val, _KeyOfValue, _Compare, _Alloc>::_S_left(std::_Rb_tree<_Key, _Val, _KeyOfValue, _Compare, _Alloc>::_Base_ptr) [with _Key = std::__cxx11::basic_string<char>; _Val = std::pair<const std::__cxx11::basic_string<char>, int>; _KeyOfValue = std::_Select1st<std::pair<const std::__cxx11::basic_string<char>, int> >; _Compare = std::less<std::__cxx11::basic_string<char> >; _Alloc = std::allocator<std::pair<const std::__cxx11::basic_string<char>, int> >]	16	static
D:\STM32CubeIDE_1.14.0\STM32CubeIDE\plugins\com.st.stm32cube.ide.mcu.externaltools.gnu-tools-for-stm32.11.3.rel1.win32_1.1.100.202309141235\tools\bin/../lib/gcc/arm-none-eabi/11.3.1/../../../../arm-none-eabi/include/c++/11.3.1/bits/stl_tree.h:629:7:void std::_Rb_tree<_Key, _Val, _KeyOfValue, _Compare, _Alloc>::_M_drop_node(std::_Rb_tree<_Key, _Val, _KeyOfValue, _Compare, _Alloc>::_Link_type) [with _Key = std::__cxx11::basic_string<char>; _Val = std::pair<const std::__cxx11::basic_string<char>, int>; _KeyOfValue = std::_Select1st<std::pair<const std::__cxx11::basic_string<char>, int> >; _Compare = std::less<std::__cxx11::basic_string<char> >; _Alloc = std::allocator<std::pair<const std::__cxx11::basic_string<char>, int> >]	16	static
D:\STM32CubeIDE_1.14.0\STM32CubeIDE\plugins\com.st.stm32cube.ide.mcu.externaltools.gnu-tools-for-stm32.11.3.rel1.win32_1.1.100.202309141235\tools\bin/../lib/gcc/arm-none-eabi/11.3.1/../../../../arm-none-eabi/include/c++/11.3.1/bits/stl_tree.h:734:7:std::_Rb_tree_node<_Val>* std::_Rb_tree<_Key, _Val, _KeyOfValue, _Compare, _Alloc>::_M_mbegin() const [with _Key = std::__cxx11::basic_string<char>; _Val = std::pair<const std::__cxx11::basic_string<char>, int>; _KeyOfValue = std::_Select1st<std::pair<const std::__cxx11::basic_string<char>, int> >; _Compare = std::less<std::__cxx11::basic_string<char> >; _Alloc = std::allocator<std::pair<const std::__cxx11::basic_string<char>, int> >]	16	static
D:\STM32CubeIDE_1.14.0\STM32CubeIDE\plugins\com.st.stm32cube.ide.mcu.externaltools.gnu-tools-for-stm32.11.3.rel1.win32_1.1.100.202309141235\tools\bin/../lib/gcc/arm-none-eabi/11.3.1/../../../../arm-none-eabi/include/c++/11.3.1/bits/stl_tree.h:618:7:void std::_Rb_tree<_Key, _Val, _KeyOfValue, _Compare, _Alloc>::_M_destroy_node(std::_Rb_tree<_Key, _Val, _KeyOfValue, _Compare, _Alloc>::_Link_type) [with _Key = std::__cxx11::basic_string<char>; _Val = std::pair<const std::__cxx11::basic_string<char>, int>; _KeyOfValue = std::_Select1st<std::pair<const std::__cxx11::basic_string<char>, int> >; _Compare = std::less<std::__cxx11::basic_string<char> >; _Alloc = std::allocator<std::pair<const std::__cxx11::basic_string<char>, int> >]	24	static
D:\STM32CubeIDE_1.14.0\STM32CubeIDE\plugins\com.st.stm32cube.ide.mcu.externaltools.gnu-tools-for-stm32.11.3.rel1.win32_1.1.100.202309141235\tools\bin/../lib/gcc/arm-none-eabi/11.3.1/../../../../arm-none-eabi/include/c++/11.3.1/bits/stl_tree.h:564:7:void std::_Rb_tree<_Key, _Val, _KeyOfValue, _Compare, _Alloc>::_M_put_node(std::_Rb_tree<_Key, _Val, _KeyOfValue, _Compare, _Alloc>::_Link_type) [with _Key = std::__cxx11::basic_string<char>; _Val = std::pair<const std::__cxx11::basic_string<char>, int>; _KeyOfValue = std::_Select1st<std::pair<const std::__cxx11::basic_string<char>, int> >; _Compare = std::less<std::__cxx11::basic_string<char> >; _Alloc = std::allocator<std::pair<const std::__cxx11::basic_string<char>, int> >]	16	static
D:\STM32CubeIDE_1.14.0\STM32CubeIDE\plugins\com.st.stm32cube.ide.mcu.externaltools.gnu-tools-for-stm32.11.3.rel1.win32_1.1.100.202309141235\tools\bin/../lib/gcc/arm-none-eabi/11.3.1/../../../../arm-none-eabi/include/c++/11.3.1/bits/stl_tree.h:547:7:std::_Rb_tree<_Key, _Val, _KeyOfValue, _Compare, _Alloc>::_Node_allocator& std::_Rb_tree<_Key, _Val, _KeyOfValue, _Compare, _Alloc>::_M_get_Node_allocator() [with _Key = std::__cxx11::basic_string<char>; _Val = std::pair<const std::__cxx11::basic_string<char>, int>; _KeyOfValue = std::_Select1st<std::pair<const std::__cxx11::basic_string<char>, int> >; _Compare = std::less<std::__cxx11::basic_string<char> >; _Alloc = std::allocator<std::pair<const std::__cxx11::basic_string<char>, int> >]	16	static
D:\STM32CubeIDE_1.14.0\STM32CubeIDE\plugins\com.st.stm32cube.ide.mcu.externaltools.gnu-tools-for-stm32.11.3.rel1.win32_1.1.100.202309141235\tools\bin/../lib/gcc/arm-none-eabi/11.3.1/../../../../arm-none-eabi/include/c++/11.3.1/bits/stl_tree.h:234:7:_Val* std::_Rb_tree_node<_Val>::_M_valptr() [with _Val = std::pair<const std::__cxx11::basic_string<char>, int>]	16	static
D:\STM32CubeIDE_1.14.0\STM32CubeIDE\plugins\com.st.stm32cube.ide.mcu.externaltools.gnu-tools-for-stm32.11.3.rel1.win32_1.1.100.202309141235\tools\bin/../lib/gcc/arm-none-eabi/11.3.1/../../../../arm-none-eabi/include/c++/11.3.1/bits/alloc_traits.h:531:2:static void std::allocator_traits<std::allocator<_CharT> >::destroy(std::allocator_traits<std::allocator<_CharT> >::allocator_type&, _Up*) [with _Up = std::pair<const std::__cxx11::basic_string<char>, int>; _Tp = std::_Rb_tree_node<std::pair<const std::__cxx11::basic_string<char>, int> >]	16	static
D:\STM32CubeIDE_1.14.0\STM32CubeIDE\plugins\com.st.stm32cube.ide.mcu.externaltools.gnu-tools-for-stm32.11.3.rel1.win32_1.1.100.202309141235\tools\bin/../lib/gcc/arm-none-eabi/11.3.1/../../../../arm-none-eabi/include/c++/11.3.1/bits/alloc_traits.h:495:7:static void std::allocator_traits<std::allocator<_CharT> >::deallocate(std::allocator_traits<std::allocator<_CharT> >::allocator_type&, std::allocator_traits<std::allocator<_CharT> >::pointer, std::allocator_traits<std::allocator<_CharT> >::size_type) [with _Tp = std::_Rb_tree_node<std::pair<const std::__cxx11::basic_string<char>, int> >]	24	static
D:\STM32CubeIDE_1.14.0\STM32CubeIDE\plugins\com.st.stm32cube.ide.mcu.externaltools.gnu-tools-for-stm32.11.3.rel1.win32_1.1.100.202309141235\tools\bin/../lib/gcc/arm-none-eabi/11.3.1/../../../../arm-none-eabi/include/c++/11.3.1/ext/aligned_buffer.h:72:7:_Tp* __gnu_cxx::__aligned_membuf<_Tp>::_M_ptr() [with _Tp = std::pair<const std::__cxx11::basic_string<char>, int>]	16	static
D:\STM32CubeIDE_1.14.0\STM32CubeIDE\plugins\com.st.stm32cube.ide.mcu.externaltools.gnu-tools-for-stm32.11.3.rel1.win32_1.1.100.202309141235\tools\bin/../lib/gcc/arm-none-eabi/11.3.1/../../../../arm-none-eabi/include/c++/11.3.1/bits/stl_pair.h:211:12:std::pair<const std::__cxx11::basic_string<char>, int>::~pair()	16	static
D:\STM32CubeIDE_1.14.0\STM32CubeIDE\plugins\com.st.stm32cube.ide.mcu.externaltools.gnu-tools-for-stm32.11.3.rel1.win32_1.1.100.202309141235\tools\bin/../lib/gcc/arm-none-eabi/11.3.1/../../../../arm-none-eabi/include/c++/11.3.1/ext/new_allocator.h:166:2:void __gnu_cxx::new_allocator<_Tp>::destroy(_Up*) [with _Up = std::pair<const std::__cxx11::basic_string<char>, int>; _Tp = std::_Rb_tree_node<std::pair<const std::__cxx11::basic_string<char>, int> >]	16	static
D:\STM32CubeIDE_1.14.0\STM32CubeIDE\plugins\com.st.stm32cube.ide.mcu.externaltools.gnu-tools-for-stm32.11.3.rel1.win32_1.1.100.202309141235\tools\bin/../lib/gcc/arm-none-eabi/11.3.1/../../../../arm-none-eabi/include/c++/11.3.1/ext/new_allocator.h:132:7:void __gnu_cxx::new_allocator<_Tp>::deallocate(_Tp*, __gnu_cxx::new_allocator<_Tp>::size_type) [with _Tp = std::_Rb_tree_node<std::pair<const std::__cxx11::basic_string<char>, int> >]	24	static
D:\STM32CubeIDE_1.14.0\STM32CubeIDE\plugins\com.st.stm32cube.ide.mcu.externaltools.gnu-tools-for-stm32.11.3.rel1.win32_1.1.100.202309141235\tools\bin/../lib/gcc/arm-none-eabi/11.3.1/../../../../arm-none-eabi/include/c++/11.3.1/ext/aligned_buffer.h:64:7:void* __gnu_cxx::__aligned_membuf<_Tp>::_M_addr() [with _Tp = std::pair<const std::__cxx11::basic_string<char>, int>]	16	static
../Core/Src/main.cpp:582:1:cpp)	8	static
../Core/Src/main.cpp:582:1:cpp)	8	static
