../Core/Src/modbus.cpp:550:1:void __static_initialization_and_destruction_0(int, int)	16	static
../Core/Inc/UnixTime.h:35:10:void UnixTime(int8_t)	0	static
../Core/Inc/UnixTime.h:40:14:uint32_t getUnix()	4	static
../Core/Inc/UnixTime.h:49:10:void getDateTime(uint32_t)	8	static
../Core/Inc/UnixTime.h:110:10:void setDateTime(uint16_t, uint8_t, uint8_t, uint8_t, uint8_t, uint8_t)	4	static
../Core/Src/modbus.cpp:21:6:void sendData_rs485(uint8_t*, int)	48	static
../Core/Src/modbus.cpp:36:10:uint16_t calculateCRC(const uint8_t*, size_t)	4	static
C:\ST\STM32CubeIDE_1.14.0\STM32CubeIDE\plugins\com.st.stm32cube.ide.mcu.externaltools.gnu-tools-for-stm32.11.3.rel1.win32_1.1.100.202309141235\tools\bin/../lib/gcc/arm-none-eabi/11.3.1/../../../../arm-none-eabi/include/c++/11.3.1/bits/charconv.h:72:5:void std::__detail::__to_chars_10_impl(char*, unsigned int, _Tp) [with _Tp = unsigned int]	8	static
C:\ST\STM32CubeIDE_1.14.0\STM32CubeIDE\plugins\com.st.stm32cube.ide.mcu.externaltools.gnu-tools-for-stm32.11.3.rel1.win32_1.1.100.202309141235\tools\bin/../lib/gcc/arm-none-eabi/11.3.1/../../../../arm-none-eabi/include/c++/11.3.1/bits/charconv.h:72:5:void std::__detail::__to_chars_10_impl(char*, unsigned int, _Tp) [with _Tp = long unsigned int]	8	static
C:\ST\STM32CubeIDE_1.14.0\STM32CubeIDE\plugins\com.st.stm32cube.ide.mcu.externaltools.gnu-tools-for-stm32.11.3.rel1.win32_1.1.100.202309141235\tools\arm-none-eabi\include\c++\11.3.1\bits\basic_string.tcc:1437:5:int std::__cxx11::basic_string<_CharT, _Traits, _Alloc>::compare(const _CharT*) const [with _CharT = char; _Traits = std::char_traits<char>; _Alloc = std::allocator<char>]	32	static
C:\ST\STM32CubeIDE_1.14.0\STM32CubeIDE\plugins\com.st.stm32cube.ide.mcu.externaltools.gnu-tools-for-stm32.11.3.rel1.win32_1.1.100.202309141235\tools\arm-none-eabi\include\c++\11.3.1\bits\basic_string.tcc:132:5:std::__cxx11::basic_string<_CharT, _Traits, _Alloc>::pointer std::__cxx11::basic_string<_CharT, _Traits, _Alloc>::_M_create(std::__cxx11::basic_string<_CharT, _Traits, _Alloc>::size_type&, std::__cxx11::basic_string<_CharT, _Traits, _Alloc>::size_type) [with _CharT = char; _Traits = std::char_traits<char>; _Alloc = std::allocator<char>]	8	static
C:\ST\STM32CubeIDE_1.14.0\STM32CubeIDE\plugins\com.st.stm32cube.ide.mcu.externaltools.gnu-tools-for-stm32.11.3.rel1.win32_1.1.100.202309141235\tools\arm-none-eabi\include\c++\11.3.1\bits\basic_string.tcc:206:7:void std::__cxx11::basic_string<_CharT, _Traits, _Alloc>::_M_construct(_InIterator, _InIterator, std::forward_iterator_tag) [with _FwdIterator = const char*; _CharT = char; _Traits = std::char_traits<char>; _Alloc = std::allocator<char>]	24	static
C:\ST\STM32CubeIDE_1.14.0\STM32CubeIDE\plugins\com.st.stm32cube.ide.mcu.externaltools.gnu-tools-for-stm32.11.3.rel1.win32_1.1.100.202309141235\tools\arm-none-eabi\include\c++\11.3.1\bits\basic_string.tcc:237:5:void std::__cxx11::basic_string<_CharT, _Traits, _Alloc>::_M_construct(std::__cxx11::basic_string<_CharT, _Traits, _Alloc>::size_type, _CharT) [with _CharT = char; _Traits = std::char_traits<char>; _Alloc = std::allocator<char>]	24	static
C:\ST\STM32CubeIDE_1.14.0\STM32CubeIDE\plugins\com.st.stm32cube.ide.mcu.externaltools.gnu-tools-for-stm32.11.3.rel1.win32_1.1.100.202309141235\tools\arm-none-eabi\include\c++\11.3.1\bits\basic_string.tcc:254:5:void std::__cxx11::basic_string<_CharT, _Traits, _Alloc>::_M_assign(const std::__cxx11::basic_string<_CharT, _Traits, _Alloc>&) [with _CharT = char; _Traits = std::char_traits<char>; _Alloc = std::allocator<char>]	32	static
C:\ST\STM32CubeIDE_1.14.0\STM32CubeIDE\plugins\com.st.stm32cube.ide.mcu.externaltools.gnu-tools-for-stm32.11.3.rel1.win32_1.1.100.202309141235\tools\arm-none-eabi\include\c++\11.3.1\bits\basic_string.tcc:300:5:void std::__cxx11::basic_string<_CharT, _Traits, _Alloc>::_M_mutate(std::__cxx11::basic_string<_CharT, _Traits, _Alloc>::size_type, std::__cxx11::basic_string<_CharT, _Traits, _Alloc>::size_type, const _CharT*, std::__cxx11::basic_string<_CharT, _Traits, _Alloc>::size_type) [with _CharT = char; _Traits = std::char_traits<char>; _Alloc = std::allocator<char>]	40	static
C:\ST\STM32CubeIDE_1.14.0\STM32CubeIDE\plugins\com.st.stm32cube.ide.mcu.externaltools.gnu-tools-for-stm32.11.3.rel1.win32_1.1.100.202309141235\tools\arm-none-eabi\include\c++\11.3.1\bits\basic_string.tcc:384:5:std::__cxx11::basic_string<_CharT, _Traits, _Allocator>& std::__cxx11::basic_string<_CharT, _Traits, _Alloc>::_M_append(const _CharT*, std::__cxx11::basic_string<_CharT, _Traits, _Alloc>::size_type) [with _CharT = char; _Traits = std::char_traits<char>; _Alloc = std::allocator<char>]	24	static
../Core/Src/modbus.cpp:53:5:int write_modbus(uint8_t, uint8_t, uint8_t, uint8_t, int, uint8_t*)	64	static
C:\ST\STM32CubeIDE_1.14.0\STM32CubeIDE\plugins\com.st.stm32cube.ide.mcu.externaltools.gnu-tools-for-stm32.11.3.rel1.win32_1.1.100.202309141235\tools\arm-none-eabi\include\c++\11.3.1\bits\basic_string.tcc:448:5:std::__cxx11::basic_string<_CharT, _Traits, _Allocator>& std::__cxx11::basic_string<_CharT, _Traits, _Alloc>::_M_replace(std::__cxx11::basic_string<_CharT, _Traits, _Alloc>::size_type, std::__cxx11::basic_string<_CharT, _Traits, _Alloc>::size_type, const _CharT*, std::__cxx11::basic_string<_CharT, _Traits, _Alloc>::size_type) [with _CharT = char; _Traits = std::char_traits<char>; _Alloc = std::allocator<char>]	56	static
../Core/Src/modbus.cpp:199:8:std::string read_single(uint8_t, uint8_t, uint8_t, uint8_t)	88	static
../Core/Src/modbus.cpp:152:8:std::string modbus_to_unix(std::string, std::string, std::string)	872	static
C:\ST\STM32CubeIDE_1.14.0\STM32CubeIDE\plugins\com.st.stm32cube.ide.mcu.externaltools.gnu-tools-for-stm32.11.3.rel1.win32_1.1.100.202309141235\tools\arm-none-eabi\include\c++\11.3.1\bits\basic_string.tcc:206:7:void std::__cxx11::basic_string<_CharT, _Traits, _Alloc>::_M_construct(_InIterator, _InIterator, std::forward_iterator_tag) [with _FwdIterator = char*; _CharT = char; _Traits = std::char_traits<char>; _Alloc = std::allocator<char>]	24	static
../Core/Src/modbus.cpp:273:8:std::string read_modbus(uint8_t, uint8_t, uint8_t, uint8_t, int)	1256	static
../Core/Src/modbus.cpp:550:1:cpp)	8	static
../Core/Src/modbus.cpp:550:1:cpp)	8	static
