../Core/Src/xmlParse.cpp:62:6:void ReadParameters(char*, ParametersStruct*)	64	static
../Core/Src/xmlParse.cpp:130:5:int ReadModem(const char*, ModemStruct*)	56	static
../Core/Src/xmlParse.cpp:254:5:int GetDataType(const char*, DeviceStruct*)	16	static
../Core/Src/xmlParse.cpp:155:5:int ReadDevices(const char*, DeviceStruct*)	64	static
../Core/Src/xmlParse.cpp:285:5:int Run(char, ParametersStruct*, ModemStruct*, DeviceStruct*, bool)	24	static
../Core/Src/xmlParse.cpp:30:6:void ReadFile(char*)	24	static
C:\ST\STM32CubeIDE_1.14.0\STM32CubeIDE\plugins\com.st.stm32cube.ide.mcu.externaltools.gnu-tools-for-stm32.11.3.rel1.win32_1.1.100.202309141235\tools\arm-none-eabi\include\c++\11.3.1\bits\basic_string.tcc:132:5:std::__cxx11::basic_string<_CharT, _Traits, _Alloc>::pointer std::__cxx11::basic_string<_CharT, _Traits, _Alloc>::_M_create(std::__cxx11::basic_string<_CharT, _Traits, _Alloc>::size_type&, std::__cxx11::basic_string<_CharT, _Traits, _Alloc>::size_type) [with _CharT = char; _Traits = std::char_traits<char>; _Alloc = std::allocator<char>]	8	static
C:\ST\STM32CubeIDE_1.14.0\STM32CubeIDE\plugins\com.st.stm32cube.ide.mcu.externaltools.gnu-tools-for-stm32.11.3.rel1.win32_1.1.100.202309141235\tools\arm-none-eabi\include\c++\11.3.1\bits\basic_string.tcc:206:7:void std::__cxx11::basic_string<_CharT, _Traits, _Alloc>::_M_construct(_InIterator, _InIterator, std::forward_iterator_tag) [with _FwdIterator = const char*; _CharT = char; _Traits = std::char_traits<char>; _Alloc = std::allocator<char>]	24	static
../Core/Src/xmlParse.cpp:348:1:void __static_initialization_and_destruction_0(int, int)	24	static
../Core/Src/xmlParse.cpp:348:1:cpp)	8	static
../Core/Src/xmlParse.cpp:348:1:cpp)	8	static
